[monitor] waiting for packet matrix PID 3955966 ...
21:48:56 summaries=20/896
Binary: /home/luke/workspace/dyn_latency/ns-3-ub/build/scratch/ns3.44-ub_rg-packet-experiment-optimized
21:50:56 summaries=75/896
Binary: /home/luke/workspace/dyn_latency/ns-3-ub/build/scratch/ns3.44-ub_rg-packet-experiment-optimized
21:52:56 summaries=124/896
[99/896] ok exp1_dispatch/s1_packet_spray_b16_z0_ep0_sd1_nsk8 step=67.67us (11.44s)21:54:56 summaries=154/896
[99/896] ok exp1_dispatch/s1_packet_spray_b16_z0_ep0_sd1_nsk8 step=67.67us (11.44s)21:56:56 summaries=185/896
[99/896] ok exp1_dispatch/s1_packet_spray_b16_z0_ep0_sd1_nsk8 step=67.67us (11.44s)21:58:56 summaries=213/896
[196/896] ok exp1_dispatch/s4_ub_rg_pop_b16_z0.3_ep0_sd1_nsk4 step=20358.60us (3.07s)22:00:56 summaries=249/896
[196/896] ok exp1_dispatch/s4_ub_rg_pop_b16_z0.3_ep0_sd1_nsk4 step=20358.60us (3.07s)22:02:56 summaries=258/896
[196/896] ok exp1_dispatch/s4_ub_rg_pop_b16_z0.3_ep0_sd1_nsk4 step=20358.60us (3.07s)22:04:56 summaries=262/896
[196/896] ok exp1_dispatch/s4_ub_rg_pop_b16_z0.3_ep0_sd1_nsk4 step=20358.60us (3.07s)22:06:56 summaries=265/896
[196/896] ok exp1_dispatch/s4_ub_rg_pop_b16_z0.3_ep0_sd1_nsk4 step=20358.60us (3.07s)22:08:56 summaries=270/896
[196/896] ok exp1_dispatch/s4_ub_rg_pop_b16_z0.3_ep0_sd1_nsk4 step=20358.60us (3.07s)22:10:56 summaries=274/896
[196/896] ok exp1_dispatch/s4_ub_rg_pop_b16_z0.3_ep0_sd1_nsk4 step=20358.60us (3.07s)22:12:57 summaries=278/896
[196/896] ok exp1_dispatch/s4_ub_rg_pop_b16_z0.3_ep0_sd1_nsk4 step=20358.60us (3.07s)22:14:57 summaries=283/896
[196/896] ok exp1_dispatch/s4_ub_rg_pop_b16_z0.3_ep0_sd1_nsk4 step=20358.60us (3.07s)22:16:57 summaries=291/896
[196/896] ok exp1_dispatch/s4_ub_rg_pop_b16_z0.3_ep0_sd1_nsk4 step=20358.60us (3.07s)22:18:57 summaries=298/896
[292/896] ok exp3_roundtrip/s1_ub_rg_pop_b256_z0_ep32_sd1_nsk0 step=37529.80us (10.67s)22:20:57 summaries=304/896
[292/896] ok exp3_roundtrip/s1_ub_rg_pop_b256_z0_ep32_sd1_nsk0 step=37529.80us (10.67s)22:22:57 summaries=309/896
[292/896] ok exp3_roundtrip/s1_ub_rg_pop_b256_z0_ep32_sd1_nsk0 step=37529.80us (10.67s)22:24:57 summaries=315/896
[292/896] ok exp3_roundtrip/s1_ub_rg_pop_b256_z0_ep32_sd1_nsk0 step=37529.80us (10.67s)22:26:57 summaries=323/896
[292/896] ok exp3_roundtrip/s1_ub_rg_pop_b256_z0_ep32_sd1_nsk0 step=37529.80us (10.67s)22:28:57 summaries=330/896
[292/896] ok exp3_roundtrip/s1_ub_rg_pop_b256_z0_ep32_sd1_nsk0 step=37529.80us (10.67s)22:30:57 summaries=335/896
[292/896] ok exp3_roundtrip/s1_ub_rg_pop_b256_z0_ep32_sd1_nsk0 step=37529.80us (10.67s)22:32:57 summaries=338/896
[292/896] ok exp3_roundtrip/s1_ub_rg_pop_b256_z0_ep32_sd1_nsk0 step=37529.80us (10.67s)22:34:57 summaries=343/896
[292/896] ok exp3_roundtrip/s1_ub_rg_pop_b256_z0_ep32_sd1_nsk0 step=37529.80us (10.67s)22:36:57 summaries=347/896
[292/896] ok exp3_roundtrip/s1_ub_rg_pop_b256_z0_ep32_sd1_nsk0 step=37529.80us (10.67s)22:38:57 summaries=351/896
[292/896] ok exp3_roundtrip/s1_ub_rg_pop_b256_z0_ep32_sd1_nsk0 step=37529.80us (10.67s)22:40:57 summaries=355/896
[292/896] ok exp3_roundtrip/s1_ub_rg_pop_b256_z0_ep32_sd1_nsk0 step=37529.80us (10.67s)22:42:57 summaries=360/896
[292/896] ok exp3_roundtrip/s1_ub_rg_pop_b256_z0_ep32_sd1_nsk0 step=37529.80us (10.67s)22:44:57 summaries=366/896
[292/896] ok exp3_roundtrip/s1_ub_rg_pop_b256_z0_ep32_sd1_nsk0 step=37529.80us (10.67s)22:46:57 summaries=374/896
[292/896] ok exp3_roundtrip/s1_ub_rg_pop_b256_z0_ep32_sd1_nsk0 step=37529.80us (10.67s)22:48:57 summaries=380/896
[292/896] ok exp3_roundtrip/s1_ub_rg_pop_b256_z0_ep32_sd1_nsk0 step=37529.80us (10.67s)22:50:57 summaries=386/896
[384/896] ok exp3_roundtrip/s1_ub_rg_pop_b256_z0.3_ep32_sd1_nsk2 step=116279.50us (10.20s)22:52:57 summaries=391/896
[384/896] ok exp3_roundtrip/s1_ub_rg_pop_b256_z0.3_ep32_sd1_nsk2 step=116279.50us (10.20s)22:54:57 summaries=398/896
[384/896] ok exp3_roundtrip/s1_ub_rg_pop_b256_z0.3_ep32_sd1_nsk2 step=116279.50us (10.20s)22:56:57 summaries=406/896
[384/896] ok exp3_roundtrip/s1_ub_rg_pop_b256_z0.3_ep32_sd1_nsk2 step=116279.50us (10.20s)22:58:57 summaries=414/896
[384/896] ok exp3_roundtrip/s1_ub_rg_pop_b256_z0.3_ep32_sd1_nsk2 step=116279.50us (10.20s)23:00:57 summaries=416/896
[384/896] ok exp3_roundtrip/s1_ub_rg_pop_b256_z0.3_ep32_sd1_nsk2 step=116279.50us (10.20s)23:02:57 summaries=420/896
[384/896] ok exp3_roundtrip/s1_ub_rg_pop_b256_z0.3_ep32_sd1_nsk2 step=116279.50us (10.20s)23:04:57 summaries=425/896
[384/896] ok exp3_roundtrip/s1_ub_rg_pop_b256_z0.3_ep32_sd1_nsk2 step=116279.50us (10.20s)23:06:57 summaries=430/896
[384/896] ok exp3_roundtrip/s1_ub_rg_pop_b256_z0.3_ep32_sd1_nsk2 step=116279.50us (10.20s)23:08:57 summaries=434/896
[384/896] ok exp3_roundtrip/s1_ub_rg_pop_b256_z0.3_ep32_sd1_nsk2 step=116279.50us (10.20s)23:10:57 summaries=437/896
[384/896] ok exp3_roundtrip/s1_ub_rg_pop_b256_z0.3_ep32_sd1_nsk2 step=116279.50us (10.20s)23:12:57 summaries=443/896
[384/896] ok exp3_roundtrip/s1_ub_rg_pop_b256_z0.3_ep32_sd1_nsk2 step=116279.50us (10.20s)23:14:57 summaries=449/896
[384/896] ok exp3_roundtrip/s1_ub_rg_pop_b256_z0.3_ep32_sd1_nsk2 step=116279.50us (10.20s)23:16:58 summaries=457/896
[384/896] ok exp3_roundtrip/s1_ub_rg_pop_b256_z0.3_ep32_sd1_nsk2 step=116279.50us (10.20s)23:18:58 summaries=462/896
[384/896] ok exp3_roundtrip/s1_ub_rg_pop_b256_z0.3_ep32_sd1_nsk2 step=116279.50us (10.20s)23:20:58 summaries=468/896
[384/896] ok exp3_roundtrip/s1_ub_rg_pop_b256_z0.3_ep32_sd1_nsk2 step=116279.50us (10.20s)23:22:58 summaries=474/896
[384/896] ok exp3_roundtrip/s1_ub_rg_pop_b256_z0.3_ep32_sd1_nsk2 step=116279.50us (10.20s)23:24:58 summaries=482/896
[476/896] ok exp3_roundtrip/s1_ub_rg_pop_b256_z0.7_ep32_sd1_nsk4 step=116128.46us (9.12s)23:26:58 summaries=488/896
[476/896] ok exp3_roundtrip/s1_ub_rg_pop_b256_z0.7_ep32_sd1_nsk4 step=116128.46us (9.12s)23:28:58 summaries=495/896
[476/896] ok exp3_roundtrip/s1_ub_rg_pop_b256_z0.7_ep32_sd1_nsk4 step=116128.46us (9.12s)23:30:58 summaries=497/896
[476/896] ok exp3_roundtrip/s1_ub_rg_pop_b256_z0.7_ep32_sd1_nsk4 step=116128.46us (9.12s)23:32:58 summaries=502/896
[476/896] ok exp3_roundtrip/s1_ub_rg_pop_b256_z0.7_ep32_sd1_nsk4 step=116128.46us (9.12s)23:34:58 summaries=507/896
[476/896] ok exp3_roundtrip/s1_ub_rg_pop_b256_z0.7_ep32_sd1_nsk4 step=116128.46us (9.12s)23:36:58 summaries=511/896
[476/896] ok exp3_roundtrip/s1_ub_rg_pop_b256_z0.7_ep32_sd1_nsk4 step=116128.46us (9.12s)23:38:58 summaries=515/896
[476/896] ok exp3_roundtrip/s1_ub_rg_pop_b256_z0.7_ep32_sd1_nsk4 step=116128.46us (9.12s)23:40:58 summaries=520/896
[476/896] ok exp3_roundtrip/s1_ub_rg_pop_b256_z0.7_ep32_sd1_nsk4 step=116128.46us (9.12s)23:42:58 summaries=524/896
[476/896] ok exp3_roundtrip/s1_ub_rg_pop_b256_z0.7_ep32_sd1_nsk4 step=116128.46us (9.12s)23:44:58 summaries=533/896
[476/896] ok exp3_roundtrip/s1_ub_rg_pop_b256_z0.7_ep32_sd1_nsk4 step=116128.46us (9.12s)23:46:58 summaries=539/896
[476/896] ok exp3_roundtrip/s1_ub_rg_pop_b256_z0.7_ep32_sd1_nsk4 step=116128.46us (9.12s)23:48:58 summaries=545/896
[476/896] ok exp3_roundtrip/s1_ub_rg_pop_b256_z0.7_ep32_sd1_nsk4 step=116128.46us (9.12s)23:50:58 summaries=551/896
[476/896] ok exp3_roundtrip/s1_ub_rg_pop_b256_z0.7_ep32_sd1_nsk4 step=116128.46us (9.12s)23:52:58 summaries=557/896
[476/896] ok exp3_roundtrip/s1_ub_rg_pop_b256_z0.7_ep32_sd1_nsk4 step=116128.46us (9.12s)23:54:58 summaries=565/896
[476/896] ok exp3_roundtrip/s1_ub_rg_pop_b256_z0.7_ep32_sd1_nsk4 step=116128.46us (9.12s)23:56:58 summaries=572/896
[568/896] ok exp3_roundtrip/s1_ub_rg_pop_b256_z0.9_ep32_sd1_nsk8 step=116133.38us (8.55s)23:58:58 summaries=581/896
[568/896] ok exp3_roundtrip/s1_ub_rg_pop_b256_z0.9_ep32_sd1_nsk8 step=116133.38us (8.55s)00:00:58 summaries=586/896
[568/896] ok exp3_roundtrip/s1_ub_rg_pop_b256_z0.9_ep32_sd1_nsk8 step=116133.38us (8.55s)00:03:06 summaries=597/896
[568/896] ok exp3_roundtrip/s1_ub_rg_pop_b256_z0.9_ep32_sd1_nsk8 step=116133.38us (8.55s)