LOG=results/ub_rg_packet/logs/rerun_256kb_w1_20260728_144314.log workers=1 scenario=4 (resume remaining)
Engine=packet jobs=448 workers=1
Binary: /home/luke/workspace/dyn_latency/ns-3-ub/build/scratch/ns3.44-ub_rg-packet-experiment-optimized
[20/448] skip s4_ub_rg_pop2_b16_z0_ep0_sd1_nsk0
[40/448] skip s4_ub_rg_pop2_b16_z0.3_ep0_sd1_nsk2
[60/448] skip s4_ub_rg_pop2_b16_z0.7_ep0_sd1_nsk2
[80/448] skip s4_ub_rg_pop2_b16_z0.9_ep0_sd1_nsk4
[100/448] skip s4_ub_rg_pop2_b16_z0_ep0_sd1_nsk8
[120/448] skip s4_ub_rg_pop2_b16_z0.3_ep0_sd1_nsk8
[140/448] skip s4_ub_rg_pop2_b256_z0.7_ep0_sd1_nsk0
[141/448] ok exp1_dispatch/s4_packet_spray_b256_z0.9_ep0_sd1_nsk0 step=41.78us (123.65s)
[145/448] ok exp2_combine/s4_packet_spray_b256_z0_ep0_sd1_nsk0 step=22.49us (225.49s)
[149/448] ok exp2_combine/s4_packet_spray_b256_z0.3_ep0_sd1_nsk0 step=13097.46us (210.83s)
[153/448] ok exp2_combine/s4_packet_spray_b256_z0.7_ep0_sd1_nsk0 step=21.37us (170.51s)
[154/448] ok exp2_combine/s4_ub_rg_b256_z0.7_ep0_sd1_nsk0 step=30709.49us (3.69s)
[155/448] ok exp2_combine/s4_ub_rg_pop_b256_z0.7_ep0_sd1_nsk0 step=30710.04us (3.69s)
[156/448] ok exp2_combine/s4_ub_rg_pop2_b256_z0.7_ep0_sd1_nsk0 step=30708.63us (10.21s)
[157/448] ok exp2_combine/s4_packet_spray_b256_z0.9_ep0_sd1_nsk0 step=21.79us (150.31s)
[158/448] ok exp2_combine/s4_ub_rg_b256_z0.9_ep0_sd1_nsk0 step=30355.34us (3.46s)
[159/448] ok exp2_combine/s4_ub_rg_pop_b256_z0.9_ep0_sd1_nsk0 step=30355.89us (3.44s)
[160/448] ok exp2_combine/s4_ub_rg_pop2_b256_z0.9_ep0_sd1_nsk0 step=30354.62us (10.45s)
[161/448] ok exp3_roundtrip/s4_packet_spray_b256_z0_ep128_sd1_nsk0 step=2812.34us (1023.34s)
[162/448] ok exp3_roundtrip/s4_packet_spray_b256_z0_ep256_sd1_nsk0 step=41.58us (41.97s)
[163/448] ok exp3_roundtrip/s4_packet_spray_b256_z0_ep512_sd1_nsk0 step=43.13us (138.67s)
[164/448] ok exp3_roundtrip/s4_ub_rg_b256_z0_ep128_sd1_nsk0 step=31591.97us (9.90s)
[165/448] ok exp3_roundtrip/s4_ub_rg_b256_z0_ep256_sd1_nsk0 step=970289.68us (5.62s)
[166/448] ok exp3_roundtrip/s4_ub_rg_b256_z0_ep512_sd1_nsk0 step=101505.11us (5.01s)
[167/448] ok exp3_roundtrip/s4_ub_rg_pop_b256_z0_ep128_sd1_nsk0 step=31592.52us (10.32s)
[168/448] ok exp3_roundtrip/s4_ub_rg_pop_b256_z0_ep256_sd1_nsk0 step=970290.23us (5.52s)
[169/448] ok exp3_roundtrip/s4_ub_rg_pop_b256_z0_ep512_sd1_nsk0 step=101505.66us (5.10s)
[170/448] ok exp3_roundtrip/s4_ub_rg_pop2_b256_z0_ep128_sd1_nsk0 step=21469.74us (12.95s)
[171/448] ok exp3_roundtrip/s4_ub_rg_pop2_b256_z0_ep256_sd1_nsk0 step=1789153.31us (10.36s)
[172/448] ok exp3_roundtrip/s4_ub_rg_pop2_b256_z0_ep512_sd1_nsk0 step=91505.26us (13.85s)
[173/448] ok exp3_roundtrip/s4_packet_spray_b256_z0.3_ep128_sd1_nsk0 step=7214.26us (778.92s)
[174/448] ok exp3_roundtrip/s4_packet_spray_b256_z0.3_ep256_sd1_nsk0 step=18.41us (41.36s)
[175/448] ok exp3_roundtrip/s4_packet_spray_b256_z0.3_ep512_sd1_nsk0 step=16.15us (136.56s)
[176/448] ok exp3_roundtrip/s4_ub_rg_b256_z0.3_ep128_sd1_nsk0 step=21791.45us (10.93s)
[177/448] ok exp3_roundtrip/s4_ub_rg_b256_z0.3_ep256_sd1_nsk0 step=201517.27us (6.22s)
[178/448] ok exp3_roundtrip/s4_ub_rg_b256_z0.3_ep512_sd1_nsk0 step=131456.54us (6.79s)
[179/448] ok exp3_roundtrip/s4_ub_rg_pop_b256_z0.3_ep128_sd1_nsk0 step=21792.00us (11.34s)
[180/448] ok exp3_roundtrip/s4_ub_rg_pop_b256_z0.3_ep256_sd1_nsk0 step=201517.82us (6.39s)
[181/448] ok exp3_roundtrip/s4_ub_rg_pop_b256_z0.3_ep512_sd1_nsk0 step=131457.09us (6.77s)
[182/448] ok exp3_roundtrip/s4_ub_rg_pop2_b256_z0.3_ep128_sd1_nsk0 step=21526.36us (12.93s)
[183/448] ok exp3_roundtrip/s4_ub_rg_pop2_b256_z0.3_ep256_sd1_nsk0 step=950345.98us (10.14s)
[184/448] ok exp3_roundtrip/s4_ub_rg_pop2_b256_z0.3_ep512_sd1_nsk0 step=131455.97us (14.95s)
[185/448] ok exp3_roundtrip/s4_packet_spray_b256_z0.7_ep128_sd1_nsk0 step=48087.59us (844.42s)
[186/448] ok exp3_roundtrip/s4_packet_spray_b256_z0.7_ep256_sd1_nsk0 step=46.94us (42.17s)
[187/448] ok exp3_roundtrip/s4_packet_spray_b256_z0.7_ep512_sd1_nsk0 step=43.13us (127.11s)
[188/448] ok exp3_roundtrip/s4_ub_rg_b256_z0.7_ep128_sd1_nsk0 step=31690.89us (10.37s)
[189/448] ok exp3_roundtrip/s4_ub_rg_b256_z0.7_ep256_sd1_nsk0 step=161555.11us (9.01s)
[190/448] ok exp3_roundtrip/s4_ub_rg_b256_z0.7_ep512_sd1_nsk0 step=161526.85us (9.53s)
[191/448] ok exp3_roundtrip/s4_ub_rg_pop_b256_z0.7_ep128_sd1_nsk0 step=31691.44us (10.11s)
[192/448] ok exp3_roundtrip/s4_ub_rg_pop_b256_z0.7_ep256_sd1_nsk0 step=161555.66us (8.95s)
[193/448] ok exp3_roundtrip/s4_ub_rg_pop_b256_z0.7_ep512_sd1_nsk0 step=161527.40us (9.47s)
[194/448] ok exp3_roundtrip/s4_ub_rg_pop2_b256_z0.7_ep128_sd1_nsk0 step=21898.36us (11.72s)
[195/448] ok exp3_roundtrip/s4_ub_rg_pop2_b256_z0.7_ep256_sd1_nsk0 step=540960.89us (10.46s)
[196/448] ok exp3_roundtrip/s4_ub_rg_pop2_b256_z0.7_ep512_sd1_nsk0 step=151542.01us (16.27s)
