Engine=packet jobs=896 workers=4
Binary: /home/luke/workspace/dyn_latency/ns-3-ub/build/scratch/ns3.44-ub_rg-packet-experiment-optimized
[1/896] ok exp1_dispatch/s1_ub_rg_b16_z0_ep0_sd1_nsk0 step=10355.88us (9.31s)
[2/896] ok exp1_dispatch/s1_ub_rg_pop_b16_z0_ep0_sd1_nsk0 step=10356.18us (9.50s)
[3/896] ok exp1_dispatch/s1_ub_rg_pop2_b16_z0_ep0_sd1_nsk0 step=355.98us (9.80s)
[4/896] ok exp1_dispatch/s1_packet_spray_b16_z0_ep0_sd1_nsk0 step=30.88us (12.48s)
[5/896] ok exp1_dispatch/s1_ub_rg_b16_z0.3_ep0_sd1_nsk0 step=360.02us (9.26s)
[6/896] ok exp1_dispatch/s1_ub_rg_pop_b16_z0.3_ep0_sd1_nsk0 step=360.32us (9.05s)
[7/896] ok exp1_dispatch/s1_packet_spray_b16_z0.3_ep0_sd1_nsk0 step=63.09us (11.97s)
[8/896] ok exp1_dispatch/s1_ub_rg_pop2_b16_z0.3_ep0_sd1_nsk0 step=359.98us (9.68s)
[9/896] ok exp1_dispatch/s1_ub_rg_b16_z0.7_ep0_sd1_nsk0 step=373.33us (7.90s)
[10/896] ok exp1_dispatch/s1_ub_rg_pop_b16_z0.7_ep0_sd1_nsk0 step=373.63us (8.34s)
[11/896] ok exp1_dispatch/s1_packet_spray_b16_z0.7_ep0_sd1_nsk0 step=203.58us (11.65s)
[12/896] ok exp1_dispatch/s1_ub_rg_pop2_b16_z0.7_ep0_sd1_nsk0 step=373.22us (8.79s)
[13/896] ok exp1_dispatch/s1_ub_rg_b16_z0.9_ep0_sd1_nsk0 step=50128.47us (7.28s)
[14/896] ok exp1_dispatch/s1_ub_rg_pop_b16_z0.9_ep0_sd1_nsk0 step=50128.77us (7.24s)
[15/896] ok exp1_dispatch/s1_packet_spray_b16_z0.9_ep0_sd1_nsk0 step=302.71us (11.42s)
[16/896] ok exp1_dispatch/s1_ub_rg_pop2_b16_z0.9_ep0_sd1_nsk0 step=30026.76us (7.93s)
[17/896] ok exp2_combine/s1_ub_rg_b16_z0_ep0_sd1_nsk0 step=10306.04us (8.91s)
[18/896] ok exp2_combine/s1_ub_rg_pop_b16_z0_ep0_sd1_nsk0 step=10306.34us (9.01s)
[19/896] ok exp2_combine/s1_ub_rg_pop2_b16_z0_ep0_sd1_nsk0 step=10305.47us (9.29s)
[20/896] ok exp2_combine/s1_packet_spray_b16_z0_ep0_sd1_nsk0 step=30.93us (11.70s)
[21/896] ok exp2_combine/s1_ub_rg_b16_z0.3_ep0_sd1_nsk0 step=50257.89us (9.21s)
[22/896] ok exp2_combine/s1_ub_rg_pop_b16_z0.3_ep0_sd1_nsk0 step=50258.19us (9.13s)
[23/896] ok exp2_combine/s1_ub_rg_pop2_b16_z0.3_ep0_sd1_nsk0 step=40157.19us (9.22s)
[24/896] ok exp2_combine/s1_packet_spray_b16_z0.3_ep0_sd1_nsk0 step=63.23us (11.58s)
[25/896] ok exp2_combine/s1_ub_rg_b16_z0.7_ep0_sd1_nsk0 step=380061.04us (7.93s)
[26/896] ok exp2_combine/s1_ub_rg_pop_b16_z0.7_ep0_sd1_nsk0 step=380061.34us (7.96s)
[27/896] ok exp2_combine/s1_ub_rg_pop2_b16_z0.7_ep0_sd1_nsk0 step=360061.05us (8.28s)
[28/896] ok exp2_combine/s1_packet_spray_b16_z0.7_ep0_sd1_nsk0 step=176.51us (10.45s)
[29/896] ok exp2_combine/s1_ub_rg_b16_z0.9_ep0_sd1_nsk0 step=510061.19us (7.29s)
[30/896] ok exp2_combine/s1_ub_rg_pop_b16_z0.9_ep0_sd1_nsk0 step=510061.49us (7.25s)
[31/896] ok exp2_combine/s1_ub_rg_pop2_b16_z0.9_ep0_sd1_nsk0 step=490158.46us (7.55s)
[32/896] ok exp2_combine/s1_packet_spray_b16_z0.9_ep0_sd1_nsk0 step=241.60us (9.88s)
[33/896] ok exp1_dispatch/s1_ub_rg_b16_z0_ep0_sd1_nsk2 step=10356.65us (8.87s)
[34/896] ok exp1_dispatch/s1_ub_rg_pop_b16_z0_ep0_sd1_nsk2 step=10356.95us (8.88s)
[35/896] ok exp1_dispatch/s1_ub_rg_pop2_b16_z0_ep0_sd1_nsk2 step=10355.98us (8.71s)
[36/896] ok exp1_dispatch/s1_packet_spray_b16_z0_ep0_sd1_nsk2 step=35.50us (11.60s)
[37/896] ok exp1_dispatch/s1_ub_rg_b16_z0.3_ep0_sd1_nsk2 step=10359.92us (9.08s)
[38/896] ok exp1_dispatch/s1_ub_rg_pop_b16_z0.3_ep0_sd1_nsk2 step=10360.22us (9.06s)
[39/896] ok exp1_dispatch/s1_ub_rg_pop2_b16_z0.3_ep0_sd1_nsk2 step=10359.83us (9.05s)
[40/896] ok exp1_dispatch/s1_packet_spray_b16_z0.3_ep0_sd1_nsk2 step=66.73us (11.93s)
[41/896] ok exp1_dispatch/s1_ub_rg_b16_z0.7_ep0_sd1_nsk2 step=10373.16us (7.84s)
[42/896] ok exp1_dispatch/s1_ub_rg_pop_b16_z0.7_ep0_sd1_nsk2 step=10373.46us (7.95s)
[43/896] ok exp1_dispatch/s1_ub_rg_pop2_b16_z0.7_ep0_sd1_nsk2 step=10373.03us (8.07s)
[44/896] ok exp1_dispatch/s1_packet_spray_b16_z0.7_ep0_sd1_nsk2 step=202.49us (11.29s)
[45/896] ok exp1_dispatch/s1_ub_rg_b16_z0.9_ep0_sd1_nsk2 step=10381.03us (7.20s)
[46/896] ok exp1_dispatch/s1_ub_rg_pop_b16_z0.9_ep0_sd1_nsk2 step=10381.33us (7.23s)
[47/896] ok exp1_dispatch/s1_ub_rg_pop2_b16_z0.9_ep0_sd1_nsk2 step=10380.34us (7.53s)
[48/896] ok exp1_dispatch/s1_packet_spray_b16_z0.9_ep0_sd1_nsk2 step=295.04us (11.18s)
[49/896] ok exp2_combine/s1_ub_rg_b16_z0_ep0_sd1_nsk2 step=20306.04us (9.46s)
[50/896] ok exp2_combine/s1_ub_rg_pop_b16_z0_ep0_sd1_nsk2 step=20306.34us (9.05s)
[51/896] ok exp2_combine/s1_ub_rg_pop2_b16_z0_ep0_sd1_nsk2 step=20305.16us (8.69s)
[52/896] ok exp2_combine/s1_packet_spray_b16_z0_ep0_sd1_nsk2 step=37.87us (12.20s)
[53/896] ok exp2_combine/s1_ub_rg_b16_z0.3_ep0_sd1_nsk2 step=50158.05us (9.05s)
[54/896] ok exp2_combine/s1_ub_rg_pop_b16_z0.3_ep0_sd1_nsk2 step=50158.35us (8.97s)
[55/896] ok exp2_combine/s1_ub_rg_pop2_b16_z0.3_ep0_sd1_nsk2 step=50157.04us (8.58s)
[56/896] ok exp2_combine/s1_packet_spray_b16_z0.3_ep0_sd1_nsk2 step=66.19us (11.42s)
[57/896] ok exp2_combine/s1_ub_rg_pop_b16_z0.7_ep0_sd1_nsk2 step=140115.63us (7.74s)
[58/896] ok exp2_combine/s1_ub_rg_b16_z0.7_ep0_sd1_nsk2 step=140115.33us (8.01s)
[59/896] ok exp2_combine/s1_ub_rg_pop2_b16_z0.7_ep0_sd1_nsk2 step=360067.05us (7.70s)
[60/896] ok exp2_combine/s1_packet_spray_b16_z0.7_ep0_sd1_nsk2 step=179.31us (10.80s)
[61/896] ok exp2_combine/s1_ub_rg_b16_z0.9_ep0_sd1_nsk2 step=190020.35us (7.35s)
[62/896] ok exp2_combine/s1_ub_rg_pop_b16_z0.9_ep0_sd1_nsk2 step=190020.65us (7.42s)
[63/896] ok exp2_combine/s1_ub_rg_pop2_b16_z0.9_ep0_sd1_nsk2 step=250067.93us (7.00s)
[64/896] ok exp2_combine/s1_packet_spray_b16_z0.9_ep0_sd1_nsk2 step=244.40us (10.24s)
[65/896] ok exp1_dispatch/s1_ub_rg_b16_z0_ep0_sd1_nsk4 step=10356.65us (9.10s)
[66/896] ok exp1_dispatch/s1_ub_rg_pop_b16_z0_ep0_sd1_nsk4 step=10356.95us (9.45s)
[67/896] ok exp1_dispatch/s1_ub_rg_pop2_b16_z0_ep0_sd1_nsk4 step=10355.98us (8.98s)
[68/896] ok exp1_dispatch/s1_packet_spray_b16_z0_ep0_sd1_nsk4 step=45.50us (12.00s)
[69/896] ok exp1_dispatch/s1_ub_rg_pop2_b16_z0.3_ep0_sd1_nsk4 step=10358.44us (8.85s)
[70/896] ok exp1_dispatch/s1_ub_rg_b16_z0.3_ep0_sd1_nsk4 step=10359.88us (9.25s)
[71/896] ok exp1_dispatch/s1_ub_rg_pop_b16_z0.3_ep0_sd1_nsk4 step=10360.18us (9.22s)
[72/896] ok exp1_dispatch/s1_packet_spray_b16_z0.3_ep0_sd1_nsk4 step=71.99us (11.96s)
[73/896] ok exp1_dispatch/s1_ub_rg_b16_z0.7_ep0_sd1_nsk4 step=10373.17us (8.05s)
[74/896] ok exp1_dispatch/s1_ub_rg_pop_b16_z0.7_ep0_sd1_nsk4 step=10373.47us (8.08s)
[75/896] ok exp1_dispatch/s1_ub_rg_pop2_b16_z0.7_ep0_sd1_nsk4 step=10372.96us (7.72s)
[76/896] ok exp1_dispatch/s1_packet_spray_b16_z0.7_ep0_sd1_nsk4 step=208.47us (11.24s)
[77/896] ok exp1_dispatch/s1_ub_rg_b16_z0.9_ep0_sd1_nsk4 step=10380.98us (7.46s)
[78/896] ok exp1_dispatch/s1_ub_rg_pop_b16_z0.9_ep0_sd1_nsk4 step=10381.28us (7.54s)
[79/896] ok exp1_dispatch/s1_ub_rg_pop2_b16_z0.9_ep0_sd1_nsk4 step=10380.48us (7.34s)
[80/896] ok exp1_dispatch/s1_packet_spray_b16_z0.9_ep0_sd1_nsk4 step=297.88us (11.33s)
[81/896] ok exp2_combine/s1_ub_rg_b16_z0_ep0_sd1_nsk4 step=20306.04us (9.45s)
[82/896] ok exp2_combine/s1_packet_spray_b16_z0_ep0_sd1_nsk4 step=46.07us (12.03s)
[83/896] ok exp2_combine/s1_ub_rg_pop2_b16_z0_ep0_sd1_nsk4 step=30021.30us (8.63s)
[84/896] ok exp2_combine/s1_ub_rg_pop_b16_z0_ep0_sd1_nsk4 step=20306.34us (9.68s)
[85/896] ok exp2_combine/s1_ub_rg_pop2_b16_z0.3_ep0_sd1_nsk4 step=50157.17us (8.47s)
[86/896] ok exp2_combine/s1_ub_rg_b16_z0.3_ep0_sd1_nsk4 step=60257.89us (9.08s)
[87/896] ok exp2_combine/s1_packet_spray_b16_z0.3_ep0_sd1_nsk4 step=69.48us (11.52s)
[88/896] ok exp2_combine/s1_ub_rg_pop_b16_z0.3_ep0_sd1_nsk4 step=60258.19us (9.31s)
[89/896] ok exp2_combine/s1_ub_rg_b16_z0.7_ep0_sd1_nsk4 step=140115.19us (7.92s)
[90/896] ok exp2_combine/s1_ub_rg_pop2_b16_z0.7_ep0_sd1_nsk4 step=150113.62us (7.60s)
[91/896] ok exp2_combine/s1_ub_rg_pop_b16_z0.7_ep0_sd1_nsk4 step=140115.49us (8.02s)
[92/896] ok exp2_combine/s1_packet_spray_b16_z0.7_ep0_sd1_nsk4 step=182.29us (10.88s)
[93/896] ok exp2_combine/s1_ub_rg_b16_z0.9_ep0_sd1_nsk4 step=150121.49us (7.46s)
[94/896] ok exp2_combine/s1_ub_rg_pop_b16_z0.9_ep0_sd1_nsk4 step=150121.79us (7.21s)
[95/896] ok exp2_combine/s1_ub_rg_pop2_b16_z0.9_ep0_sd1_nsk4 step=170370.06us (6.86s)
[96/896] ok exp2_combine/s1_packet_spray_b16_z0.9_ep0_sd1_nsk4 step=247.42us (10.17s)
[97/896] ok exp1_dispatch/s1_ub_rg_b16_z0_ep0_sd1_nsk8 step=20355.88us (9.31s)
[98/896] ok exp1_dispatch/s1_ub_rg_pop2_b16_z0_ep0_sd1_nsk8 step=10355.98us (8.80s)
[99/896] ok exp1_dispatch/s1_packet_spray_b16_z0_ep0_sd1_nsk8 step=67.67us (11.44s)
[100/896] ok exp1_dispatch/s1_ub_rg_pop_b16_z0_ep0_sd1_nsk8 step=20356.18us (9.39s)
[101/896] ok exp1_dispatch/s1_ub_rg_pop2_b16_z0.3_ep0_sd1_nsk8 step=10359.98us (9.93s)
[102/896] ok exp1_dispatch/s1_ub_rg_b16_z0.3_ep0_sd1_nsk8 step=10360.02us (10.80s)
[103/896] ok exp1_dispatch/s1_ub_rg_pop_b16_z0.3_ep0_sd1_nsk8 step=10360.32us (10.84s)
[104/896] ok exp1_dispatch/s1_packet_spray_b16_z0.3_ep0_sd1_nsk8 step=77.29us (13.52s)
[105/896] ok exp1_dispatch/s1_ub_rg_pop2_b16_z0.7_ep0_sd1_nsk8 step=10373.22us (8.51s)
[106/896] ok exp1_dispatch/s1_ub_rg_b16_z0.7_ep0_sd1_nsk8 step=10373.34us (9.61s)
[107/896] ok exp1_dispatch/s1_ub_rg_pop_b16_z0.7_ep0_sd1_nsk8 step=10373.64us (9.69s)
[108/896] ok exp1_dispatch/s1_packet_spray_b16_z0.7_ep0_sd1_nsk8 step=211.93us (13.12s)
[109/896] ok exp1_dispatch/s1_ub_rg_b16_z0.9_ep0_sd1_nsk8 step=10381.15us (8.57s)
[110/896] ok exp1_dispatch/s1_ub_rg_pop_b16_z0.9_ep0_sd1_nsk8 step=10381.45us (8.82s)
[111/896] ok exp1_dispatch/s1_ub_rg_pop2_b16_z0.9_ep0_sd1_nsk8 step=10380.47us (8.00s)
[112/896] ok exp1_dispatch/s1_packet_spray_b16_z0.9_ep0_sd1_nsk8 step=290.07us (11.98s)
[113/896] ok exp2_combine/s1_ub_rg_b16_z0_ep0_sd1_nsk8 step=20306.04us (10.18s)
[114/896] ok exp2_combine/s1_ub_rg_pop2_b16_z0_ep0_sd1_nsk8 step=20305.17us (9.07s)
[115/896] ok exp2_combine/s1_ub_rg_pop_b16_z0_ep0_sd1_nsk8 step=20306.34us (10.41s)
[116/896] ok exp2_combine/s1_packet_spray_b16_z0_ep0_sd1_nsk8 step=65.36us (12.77s)
[117/896] ok exp2_combine/s1_ub_rg_pop2_b16_z0.3_ep0_sd1_nsk8 step=50157.19us (8.23s)
[118/896] ok exp2_combine/s1_ub_rg_b16_z0.3_ep0_sd1_nsk8 step=60257.89us (8.96s)
[119/896] ok exp2_combine/s1_ub_rg_pop_b16_z0.3_ep0_sd1_nsk8 step=60258.19us (8.92s)
[120/896] ok exp2_combine/s1_packet_spray_b16_z0.3_ep0_sd1_nsk8 step=76.86us (10.99s)
[121/896] ok exp2_combine/s1_ub_rg_b16_z0.7_ep0_sd1_nsk8 step=140115.19us (7.92s)
[122/896] ok exp2_combine/s1_ub_rg_pop2_b16_z0.7_ep0_sd1_nsk8 step=150114.62us (7.47s)
[123/896] ok exp2_combine/s1_ub_rg_pop_b16_z0.7_ep0_sd1_nsk8 step=140115.49us (8.14s)
[124/896] ok exp2_combine/s1_packet_spray_b16_z0.7_ep0_sd1_nsk8 step=188.09us (10.56s)
[125/896] ok exp2_combine/s1_ub_rg_b16_z0.9_ep0_sd1_nsk8 step=180119.63us (7.53s)
[126/896] ok exp2_combine/s1_ub_rg_pop_b16_z0.9_ep0_sd1_nsk8 step=180119.93us (7.44s)
[127/896] ok exp2_combine/s1_ub_rg_pop2_b16_z0.9_ep0_sd1_nsk8 step=170371.06us (6.87s)
[128/896] ok exp2_combine/s1_packet_spray_b16_z0.9_ep0_sd1_nsk8 step=253.26us (9.96s)
[129/896] ok exp1_dispatch/s4_ub_rg_b16_z0_ep0_sd1_nsk0 step=10353.33us (2.45s)
[130/896] ok exp1_dispatch/s4_ub_rg_pop_b16_z0_ep0_sd1_nsk0 step=10353.88us (2.45s)
[131/896] ok exp1_dispatch/s4_ub_rg_b16_z0.3_ep0_sd1_nsk0 step=10353.90us (2.97s)
[132/896] ok exp1_dispatch/s4_ub_rg_pop_b16_z0.3_ep0_sd1_nsk0 step=10354.45us (3.03s)
[133/896] ok exp1_dispatch/s4_ub_rg_pop2_b16_z0_ep0_sd1_nsk0 step=354.90us (18.92s)
[134/896] ok exp1_dispatch/s4_ub_rg_pop2_b16_z0.3_ep0_sd1_nsk0 step=10353.19us (18.89s)
[135/896] ok exp1_dispatch/s4_ub_rg_b16_z0.7_ep0_sd1_nsk0 step=10356.34us (3.63s)
[136/896] ok exp1_dispatch/s4_ub_rg_pop_b16_z0.7_ep0_sd1_nsk0 step=10356.89us (3.60s)
[137/896] ok exp1_dispatch/s4_packet_spray_b16_z0_ep0_sd1_nsk0 step=11.87us (46.99s)
[138/896] ok exp1_dispatch/s4_packet_spray_b16_z0.3_ep0_sd1_nsk0 step=12.87us (47.61s)
[139/896] ok exp1_dispatch/s4_ub_rg_b16_z0.9_ep0_sd1_nsk0 step=10357.19us (3.57s)
[140/896] ok exp1_dispatch/s4_ub_rg_pop2_b16_z0.7_ep0_sd1_nsk0 step=10357.19us (18.17s)
[141/896] ok exp1_dispatch/s4_ub_rg_pop_b16_z0.9_ep0_sd1_nsk0 step=10357.74us (3.73s)
[142/896] ok exp1_dispatch/s4_packet_spray_b16_z0.7_ep0_sd1_nsk0 step=41.07us (43.06s)
[143/896] ok exp2_combine/s4_ub_rg_b16_z0_ep0_sd1_nsk0 step=356.33us (2.57s)
[144/896] ok exp2_combine/s4_ub_rg_pop_b16_z0_ep0_sd1_nsk0 step=356.88us (2.71s)
[145/896] ok exp1_dispatch/s4_ub_rg_pop2_b16_z0.9_ep0_sd1_nsk0 step=10359.34us (18.17s)
[146/896] ok exp1_dispatch/s4_packet_spray_b16_z0.9_ep0_sd1_nsk0 step=41.98us (39.92s)
[147/896] ok exp2_combine/s4_ub_rg_pop2_b16_z0_ep0_sd1_nsk0 step=356.33us (17.51s)
[148/896] ok exp2_combine/s4_ub_rg_b16_z0.3_ep0_sd1_nsk0 step=355.62us (2.47s)
[149/896] ok exp2_combine/s4_ub_rg_pop_b16_z0.3_ep0_sd1_nsk0 step=356.17us (2.49s)
[150/896] ok exp2_combine/s4_packet_spray_b16_z0_ep0_sd1_nsk0 step=14.22us (45.73s)
[151/896] ok exp2_combine/s4_ub_rg_b16_z0.7_ep0_sd1_nsk0 step=354.05us (2.46s)
[152/896] ok exp2_combine/s4_ub_rg_pop2_b16_z0.3_ep0_sd1_nsk0 step=355.62us (18.13s)
[153/896] ok exp2_combine/s4_ub_rg_pop_b16_z0.7_ep0_sd1_nsk0 step=354.60us (2.45s)
[154/896] ok exp2_combine/s4_packet_spray_b16_z0.3_ep0_sd1_nsk0 step=17.14us (46.21s)
[155/896] ok exp2_combine/s4_ub_rg_b16_z0.9_ep0_sd1_nsk0 step=10303.60us (2.43s)
[156/896] ok exp2_combine/s4_ub_rg_pop_b16_z0.9_ep0_sd1_nsk0 step=10304.15us (2.38s)
[157/896] ok exp2_combine/s4_ub_rg_pop2_b16_z0.7_ep0_sd1_nsk0 step=354.05us (17.97s)
[158/896] ok exp2_combine/s4_packet_spray_b16_z0.7_ep0_sd1_nsk0 step=20.03us (45.29s)
[159/896] ok exp1_dispatch/s4_ub_rg_b16_z0_ep0_sd1_nsk2 step=20355.76us (2.65s)
[160/896] ok exp1_dispatch/s4_ub_rg_pop_b16_z0_ep0_sd1_nsk2 step=20356.31us (2.71s)
[161/896] ok exp2_combine/s4_ub_rg_pop2_b16_z0.9_ep0_sd1_nsk0 step=10303.47us (16.88s)
[162/896] ok exp2_combine/s4_packet_spray_b16_z0.9_ep0_sd1_nsk0 step=20.20us (39.70s)
[163/896] ok exp1_dispatch/s4_ub_rg_b16_z0.3_ep0_sd1_nsk2 step=20355.90us (2.88s)
[164/896] ok exp1_dispatch/s4_ub_rg_pop_b16_z0.3_ep0_sd1_nsk2 step=20356.45us (3.07s)
[165/896] ok exp1_dispatch/s4_ub_rg_pop2_b16_z0_ep0_sd1_nsk2 step=10356.34us (17.66s)
[166/896] ok exp1_dispatch/s4_ub_rg_pop2_b16_z0.3_ep0_sd1_nsk2 step=20355.19us (16.95s)
[167/896] ok exp1_dispatch/s4_packet_spray_b16_z0_ep0_sd1_nsk2 step=22.29us (45.57s)
[168/896] ok exp1_dispatch/s4_ub_rg_b16_z0.7_ep0_sd1_nsk2 step=20358.33us (3.52s)
[169/896] ok exp1_dispatch/s4_ub_rg_pop_b16_z0.7_ep0_sd1_nsk2 step=20358.88us (3.52s)
[170/896] ok exp1_dispatch/s4_packet_spray_b16_z0.3_ep0_sd1_nsk2 step=22.39us (47.31s)
[171/896] ok exp1_dispatch/s4_ub_rg_b16_z0.9_ep0_sd1_nsk2 step=20359.05us (3.23s)
[172/896] ok exp1_dispatch/s4_ub_rg_pop2_b16_z0.7_ep0_sd1_nsk2 step=20360.05us (17.76s)
[173/896] ok exp1_dispatch/s4_ub_rg_pop_b16_z0.9_ep0_sd1_nsk2 step=20359.60us (3.13s)
[174/896] ok exp1_dispatch/s4_packet_spray_b16_z0.7_ep0_sd1_nsk2 step=23.29us (41.73s)
[175/896] ok exp2_combine/s4_ub_rg_b16_z0_ep0_sd1_nsk2 step=10356.05us (2.12s)
[176/896] ok exp2_combine/s4_ub_rg_pop_b16_z0_ep0_sd1_nsk2 step=10356.60us (2.40s)
[177/896] ok exp1_dispatch/s4_ub_rg_pop2_b16_z0.9_ep0_sd1_nsk2 step=20360.19us (15.14s)
[178/896] ok exp1_dispatch/s4_packet_spray_b16_z0.9_ep0_sd1_nsk2 step=103.07us (37.68s)
[179/896] ok exp2_combine/s4_ub_rg_b16_z0.3_ep0_sd1_nsk2 step=10357.62us (2.18s)
[180/896] ok exp2_combine/s4_ub_rg_pop_b16_z0.3_ep0_sd1_nsk2 step=10358.17us (2.32s)
[181/896] ok exp2_combine/s4_ub_rg_pop2_b16_z0_ep0_sd1_nsk2 step=10355.05us (15.30s)
[182/896] ok exp2_combine/s4_ub_rg_pop2_b16_z0.3_ep0_sd1_nsk2 step=10357.62us (14.54s)
[183/896] ok exp2_combine/s4_ub_rg_b16_z0.7_ep0_sd1_nsk2 step=10357.91us (2.07s)
[184/896] ok exp2_combine/s4_ub_rg_pop_b16_z0.7_ep0_sd1_nsk2 step=10358.45us (2.04s)
[185/896] ok exp2_combine/s4_packet_spray_b16_z0_ep0_sd1_nsk2 step=24.39us (41.84s)
[186/896] ok exp2_combine/s4_ub_rg_pop2_b16_z0.7_ep0_sd1_nsk2 step=10355.76us (16.92s)
[187/896] ok exp2_combine/s4_packet_spray_b16_z0.3_ep0_sd1_nsk2 step=25.75us (45.20s)
[188/896] ok exp2_combine/s4_ub_rg_b16_z0.9_ep0_sd1_nsk2 step=10359.03us (2.47s)
[189/896] ok exp2_combine/s4_ub_rg_pop_b16_z0.9_ep0_sd1_nsk2 step=10359.58us (2.67s)
[190/896] ok exp2_combine/s4_packet_spray_b16_z0.7_ep0_sd1_nsk2 step=28.66us (46.23s)
[191/896] ok exp1_dispatch/s4_ub_rg_b16_z0_ep0_sd1_nsk4 step=20359.76us (2.83s)
[192/896] ok exp2_combine/s4_ub_rg_pop2_b16_z0.9_ep0_sd1_nsk2 step=10311.47us (14.91s)
[193/896] ok exp1_dispatch/s4_ub_rg_pop_b16_z0_ep0_sd1_nsk4 step=20360.31us (2.36s)
[194/896] ok exp2_combine/s4_packet_spray_b16_z0.9_ep0_sd1_nsk2 step=46.01us (42.46s)
[195/896] ok exp1_dispatch/s4_ub_rg_b16_z0.3_ep0_sd1_nsk4 step=20358.05us (3.02s)
[196/896] ok exp1_dispatch/s4_ub_rg_pop_b16_z0.3_ep0_sd1_nsk4 step=20358.60us (3.07s)
[197/896] ok exp1_dispatch/s4_ub_rg_pop2_b16_z0_ep0_sd1_nsk4 step=10360.34us (16.23s)
[198/896] ok exp1_dispatch/s4_packet_spray_b16_z0_ep0_sd1_nsk4 step=35.35us (44.53s)
[199/896] ok exp1_dispatch/s4_ub_rg_pop2_b16_z0.3_ep0_sd1_nsk4 step=10361.33us (15.66s)
[200/896] ok exp1_dispatch/s4_ub_rg_b16_z0.7_ep0_sd1_nsk4 step=20361.76us (3.51s)
[201/896] ok exp1_dispatch/s4_ub_rg_pop_b16_z0.7_ep0_sd1_nsk4 step=20362.31us (3.60s)
[202/896] ok exp1_dispatch/s4_packet_spray_b16_z0.3_ep0_sd1_nsk4 step=35.97us (44.75s)
[203/896] ok exp1_dispatch/s4_ub_rg_pop2_b16_z0.7_ep0_sd1_nsk4 step=20363.05us (15.82s)
[204/896] ok exp1_dispatch/s4_ub_rg_b16_z0.9_ep0_sd1_nsk4 step=20363.05us (3.79s)
[205/896] ok exp1_dispatch/s4_ub_rg_pop_b16_z0.9_ep0_sd1_nsk4 step=20363.60us (3.51s)
[206/896] ok exp1_dispatch/s4_packet_spray_b16_z0.7_ep0_sd1_nsk4 step=36.30us (41.72s)
[207/896] ok exp2_combine/s4_ub_rg_b16_z0_ep0_sd1_nsk4 step=10358.32us (2.41s)
[208/896] ok exp2_combine/s4_ub_rg_pop_b16_z0_ep0_sd1_nsk4 step=10358.87us (2.49s)
[209/896] ok exp1_dispatch/s4_ub_rg_pop2_b16_z0.9_ep0_sd1_nsk4 step=20363.48us (16.26s)
[210/896] ok exp1_dispatch/s4_packet_spray_b16_z0.9_ep0_sd1_nsk4 step=60.36us (38.97s)
[211/896] ok exp2_combine/s4_ub_rg_b16_z0.3_ep0_sd1_nsk4 step=10362.33us (2.31s)
[212/896] ok exp2_combine/s4_ub_rg_pop_b16_z0.3_ep0_sd1_nsk4 step=10362.88us (2.67s)
[213/896] ok exp2_combine/s4_ub_rg_pop2_b16_z0_ep0_sd1_nsk4 step=10357.76us (15.55s)
[214/896] ok exp2_combine/s4_ub_rg_pop2_b16_z0.3_ep0_sd1_nsk4 step=10361.89us (13.81s)
[215/896] ok exp2_combine/s4_ub_rg_b16_z0.7_ep0_sd1_nsk4 step=10363.91us (2.19s)
[216/896] ok exp2_combine/s4_ub_rg_pop_b16_z0.7_ep0_sd1_nsk4 step=10364.45us (2.17s)
[217/896] ok exp2_combine/s4_packet_spray_b16_z0_ep0_sd1_nsk4 step=36.70us (43.82s)
[218/896] ok exp2_combine/s4_ub_rg_pop2_b16_z0.7_ep0_sd1_nsk4 step=10359.76us (13.00s)
[219/896] ok exp2_combine/s4_packet_spray_b16_z0.3_ep0_sd1_nsk4 step=35.96us (43.55s)
[220/896] ok exp2_combine/s4_ub_rg_b16_z0.9_ep0_sd1_nsk4 step=10365.03us (1.92s)
[221/896] ok exp2_combine/s4_ub_rg_pop_b16_z0.9_ep0_sd1_nsk4 step=10365.58us (1.96s)
[222/896] ok exp2_combine/s4_packet_spray_b16_z0.7_ep0_sd1_nsk4 step=37.84us (41.52s)
[223/896] ok exp1_dispatch/s4_ub_rg_b16_z0_ep0_sd1_nsk8 step=20363.33us (2.44s)
[224/896] ok exp2_combine/s4_ub_rg_pop2_b16_z0.9_ep0_sd1_nsk4 step=10319.47us (12.30s)
[225/896] ok exp1_dispatch/s4_ub_rg_pop_b16_z0_ep0_sd1_nsk8 step=20363.88us (2.13s)
[226/896] ok exp2_combine/s4_packet_spray_b16_z0.9_ep0_sd1_nsk4 step=38.70us (36.59s)
[227/896] ok exp1_dispatch/s4_ub_rg_b16_z0.3_ep0_sd1_nsk8 step=20363.88us (2.71s)
[228/896] ok exp1_dispatch/s4_ub_rg_pop2_b16_z0_ep0_sd1_nsk8 step=10367.32us (13.25s)
[229/896] ok exp1_dispatch/s4_ub_rg_pop_b16_z0.3_ep0_sd1_nsk8 step=20364.44us (2.43s)
[230/896] ok exp1_dispatch/s4_packet_spray_b16_z0_ep0_sd1_nsk8 step=61.06us (37.92s)
[231/896] ok exp1_dispatch/s4_ub_rg_pop2_b16_z0.3_ep0_sd1_nsk8 step=10370.33us (13.20s)
[232/896] ok exp1_dispatch/s4_ub_rg_b16_z0.7_ep0_sd1_nsk8 step=20369.90us (3.02s)
[233/896] ok exp1_dispatch/s4_ub_rg_pop_b16_z0.7_ep0_sd1_nsk8 step=20370.45us (3.11s)
[234/896] ok exp1_dispatch/s4_packet_spray_b16_z0.3_ep0_sd1_nsk8 step=61.48us (37.51s)
[235/896] ok exp1_dispatch/s4_ub_rg_b16_z0.9_ep0_sd1_nsk8 step=20370.90us (3.20s)
[236/896] ok exp1_dispatch/s4_ub_rg_pop2_b16_z0.7_ep0_sd1_nsk8 step=20369.76us (12.88s)
[237/896] ok exp1_dispatch/s4_ub_rg_pop_b16_z0.9_ep0_sd1_nsk8 step=20371.45us (3.14s)
[238/896] ok exp1_dispatch/s4_packet_spray_b16_z0.7_ep0_sd1_nsk8 step=62.95us (34.87s)
[239/896] ok exp2_combine/s4_ub_rg_b16_z0_ep0_sd1_nsk8 step=10364.32us (2.08s)
[240/896] ok exp2_combine/s4_ub_rg_pop_b16_z0_ep0_sd1_nsk8 step=10364.87us (2.06s)
[241/896] ok exp1_dispatch/s4_ub_rg_pop2_b16_z0.9_ep0_sd1_nsk8 step=20371.19us (12.98s)
[242/896] ok exp1_dispatch/s4_packet_spray_b16_z0.9_ep0_sd1_nsk8 step=84.26us (32.88s)
[243/896] ok exp2_combine/s4_ub_rg_b16_z0.3_ep0_sd1_nsk8 step=10372.33us (2.29s)
[244/896] ok exp2_combine/s4_ub_rg_pop2_b16_z0_ep0_sd1_nsk8 step=10363.76us (12.93s)
[245/896] ok exp2_combine/s4_ub_rg_pop_b16_z0.3_ep0_sd1_nsk8 step=10372.88us (2.37s)
[246/896] ok exp2_combine/s4_ub_rg_pop2_b16_z0.3_ep0_sd1_nsk8 step=10371.89us (12.26s)
[247/896] ok exp2_combine/s4_ub_rg_b16_z0.7_ep0_sd1_nsk8 step=10375.91us (2.19s)
[248/896] ok exp2_combine/s4_ub_rg_pop_b16_z0.7_ep0_sd1_nsk8 step=10376.45us (2.27s)
[249/896] ok exp2_combine/s4_packet_spray_b16_z0_ep0_sd1_nsk8 step=61.71us (38.87s)
[250/896] ok exp2_combine/s4_packet_spray_b16_z0.3_ep0_sd1_nsk8 step=62.96us (41.19s)
[251/896] ok exp2_combine/s4_ub_rg_pop2_b16_z0.7_ep0_sd1_nsk8 step=10366.76us (12.81s)
[252/896] ok exp2_combine/s4_ub_rg_b16_z0.9_ep0_sd1_nsk8 step=10378.03us (1.98s)
[253/896] ok exp2_combine/s4_ub_rg_pop_b16_z0.9_ep0_sd1_nsk8 step=10378.58us (2.07s)
[254/896] ok exp2_combine/s4_packet_spray_b16_z0.7_ep0_sd1_nsk8 step=62.43us (40.55s)
[255/896] ok exp2_combine/s4_ub_rg_pop2_b16_z0.9_ep0_sd1_nsk8 step=10336.47us (11.32s)
[256/896] ok exp2_combine/s4_packet_spray_b16_z0.9_ep0_sd1_nsk8 step=74.01us (35.79s)
[257/896] ok exp1_dispatch/s1_ub_rg_b256_z0_ep0_sd1_nsk0 step=116323.21us (92.86s)
[258/896] ok exp1_dispatch/s1_ub_rg_pop_b256_z0_ep0_sd1_nsk0 step=116323.51us (94.18s)
[259/896] ok exp1_dispatch/s1_ub_rg_pop2_b256_z0_ep0_sd1_nsk0 step=116322.77us (101.94s)
[260/896] ok exp1_dispatch/s1_ub_rg_b256_z0.3_ep0_sd1_nsk0 step=116224.90us (88.95s)
[261/896] ok exp1_dispatch/s1_packet_spray_b256_z0_ep0_sd1_nsk0 step=387.37us (209.46s)
[262/896] ok exp1_dispatch/s1_ub_rg_pop_b256_z0.3_ep0_sd1_nsk0 step=116225.20us (89.07s)
[263/896] ok exp1_dispatch/s1_ub_rg_b256_z0.7_ep0_sd1_nsk0 step=115926.88us (73.63s)
[264/896] ok exp1_dispatch/s1_ub_rg_pop2_b256_z0.3_ep0_sd1_nsk0 step=116228.18us (98.56s)
[265/896] ok exp1_dispatch/s1_packet_spray_b256_z0.3_ep0_sd1_nsk0 step=1642.39us (211.76s)
[266/896] ok exp1_dispatch/s1_ub_rg_pop_b256_z0.7_ep0_sd1_nsk0 step=115927.18us (75.15s)
[267/896] ok exp1_dispatch/s1_ub_rg_pop2_b256_z0.7_ep0_sd1_nsk0 step=115923.56us (80.45s)
[268/896] ok exp1_dispatch/s1_packet_spray_b256_z0.7_ep0_sd1_nsk0 step=5880.29us (208.97s)
[269/896] ok exp1_dispatch/s1_ub_rg_b256_z0.9_ep0_sd1_nsk0 step=115020.30us (67.29s)
[270/896] ok exp1_dispatch/s1_ub_rg_pop_b256_z0.9_ep0_sd1_nsk0 step=115020.60us (66.91s)
[271/896] ok exp1_dispatch/s1_ub_rg_pop2_b256_z0.9_ep0_sd1_nsk0 step=115817.32us (70.66s)
[272/896] ok exp1_dispatch/s1_packet_spray_b256_z0.9_ep0_sd1_nsk0 step=9220.08us (201.77s)
[273/896] ok exp2_combine/s1_ub_rg_b256_z0_ep0_sd1_nsk0 step=116077.15us (91.81s)
[274/896] ok exp2_combine/s1_ub_rg_pop_b256_z0_ep0_sd1_nsk0 step=116077.45us (89.12s)
[275/896] ok exp2_combine/s1_ub_rg_pop2_b256_z0_ep0_sd1_nsk0 step=116277.65us (92.59s)
[276/896] ok exp2_combine/s1_packet_spray_b256_z0_ep0_sd1_nsk0 step=391.21us (216.78s)
[277/896] ok exp2_combine/s1_ub_rg_b256_z0.3_ep0_sd1_nsk0 step=115927.10us (87.42s)
[278/896] ok exp2_combine/s1_ub_rg_pop_b256_z0.3_ep0_sd1_nsk0 step=115927.40us (86.82s)
[279/896] ok exp2_combine/s1_packet_spray_b256_z0.3_ep0_sd1_nsk0 step=985.02us (201.49s)
[280/896] ok exp2_combine/s1_ub_rg_pop2_b256_z0.3_ep0_sd1_nsk0 step=115928.27us (91.06s)
[281/896] ok exp2_combine/s1_ub_rg_b256_z0.7_ep0_sd1_nsk0 step=229842.58us (72.94s)
[282/896] ok exp2_combine/s1_ub_rg_pop_b256_z0.7_ep0_sd1_nsk0 step=229842.88us (74.91s)
[283/896] ok exp2_combine/s1_ub_rg_pop2_b256_z0.7_ep0_sd1_nsk0 step=115587.94us (72.93s)
[284/896] ok exp2_combine/s1_packet_spray_b256_z0.7_ep0_sd1_nsk0 step=2803.92us (176.99s)
[285/896] ok exp2_combine/s1_ub_rg_pop_b256_z0.9_ep0_sd1_nsk0 step=260127.33us (61.81s)
[286/896] ok exp2_combine/s1_ub_rg_b256_z0.9_ep0_sd1_nsk0 step=260127.03us (63.03s)
[287/896] ok exp3_roundtrip/s1_packet_spray_b256_z0_ep32_sd1_nsk0 step=761.03us (31.96s)
[288/896] ok exp2_combine/s1_ub_rg_pop2_b256_z0.9_ep0_sd1_nsk0 step=240231.42us (64.16s)
[289/896] ok exp3_roundtrip/s1_ub_rg_b256_z0_ep32_sd1_nsk0 step=37529.50us (10.70s)
[290/896] ok exp2_combine/s1_packet_spray_b256_z0.9_ep0_sd1_nsk0 step=3891.81us (161.20s)
[291/896] ok exp3_roundtrip/s1_ub_rg_b256_z0_ep64_sd1_nsk0 step=63245.61us (29.53s)
[292/896] ok exp3_roundtrip/s1_ub_rg_pop_b256_z0_ep32_sd1_nsk0 step=37529.80us (10.67s)
[293/896] ok exp3_roundtrip/s1_ub_rg_pop_b256_z0_ep64_sd1_nsk0 step=63245.91us (28.79s)
[294/896] ok exp3_roundtrip/s1_packet_spray_b256_z0_ep64_sd1_nsk0 step=772.67us (118.52s)
[295/896] ok exp3_roundtrip/s1_ub_rg_pop2_b256_z0_ep32_sd1_nsk0 step=115480.81us (11.23s)
[296/896] ok exp3_roundtrip/s1_ub_rg_b256_z0_ep128_sd1_nsk0 step=116323.61us (89.19s)
[297/896] ok exp3_roundtrip/s1_ub_rg_pop2_b256_z0_ep64_sd1_nsk0 step=116373.42us (32.12s)
[298/896] ok exp3_roundtrip/s1_packet_spray_b256_z0.3_ep32_sd1_nsk0 step=1290.51us (31.34s)
[299/896] ok exp3_roundtrip/s1_ub_rg_pop_b256_z0_ep128_sd1_nsk0 step=116323.91us (90.24s)
[300/896] ok exp3_roundtrip/s1_ub_rg_pop2_b256_z0_ep128_sd1_nsk0 step=116323.17us (97.08s)
[301/896] ok exp3_roundtrip/s1_ub_rg_b256_z0.3_ep32_sd1_nsk0 step=62592.55us (9.89s)
[302/896] ok exp3_roundtrip/s1_ub_rg_b256_z0.3_ep64_sd1_nsk0 step=116275.65us (28.17s)
[303/896] ok exp3_roundtrip/s1_packet_spray_b256_z0.3_ep64_sd1_nsk0 step=1735.37us (112.04s)
[304/896] ok exp3_roundtrip/s1_ub_rg_pop_b256_z0.3_ep32_sd1_nsk0 step=62592.85us (10.26s)
[305/896] ok exp3_roundtrip/s1_ub_rg_pop_b256_z0.3_ep64_sd1_nsk0 step=116275.95us (28.82s)
[306/896] ok exp3_roundtrip/s1_ub_rg_b256_z0.3_ep128_sd1_nsk0 step=116225.30us (87.72s)
[307/896] ok exp3_roundtrip/s1_ub_rg_pop2_b256_z0.3_ep32_sd1_nsk0 step=115433.51us (11.10s)
[308/896] ok exp3_roundtrip/s1_ub_rg_pop2_b256_z0.3_ep64_sd1_nsk0 step=116276.55us (32.28s)
[309/896] ok exp3_roundtrip/s1_ub_rg_pop_b256_z0.3_ep128_sd1_nsk0 step=116225.60us (88.04s)
[310/896] ok exp3_roundtrip/s1_packet_spray_b256_z0_ep128_sd1_nsk0 step=774.84us (413.37s)
[311/896] ok exp3_roundtrip/s1_packet_spray_b256_z0.7_ep32_sd1_nsk0 step=2172.94us (31.79s)
[312/896] ok exp3_roundtrip/s1_ub_rg_pop2_b256_z0.3_ep128_sd1_nsk0 step=116228.58us (94.98s)
[313/896] ok exp3_roundtrip/s1_ub_rg_b256_z0.7_ep32_sd1_nsk0 step=115822.48us (9.37s)
[314/896] ok exp3_roundtrip/s1_ub_rg_b256_z0.7_ep64_sd1_nsk0 step=116022.07us (24.25s)
[315/896] ok exp3_roundtrip/s1_packet_spray_b256_z0.7_ep64_sd1_nsk0 step=4323.84us (105.26s)
[316/896] ok exp3_roundtrip/s1_ub_rg_pop_b256_z0.7_ep32_sd1_nsk0 step=115822.78us (9.76s)
[317/896] ok exp3_roundtrip/s1_ub_rg_pop_b256_z0.7_ep64_sd1_nsk0 step=116022.37us (24.69s)
[318/896] ok exp3_roundtrip/s1_packet_spray_b256_z0.3_ep128_sd1_nsk0 step=2626.94us (405.30s)
[319/896] ok exp3_roundtrip/s1_ub_rg_b256_z0.7_ep128_sd1_nsk0 step=115927.28us (73.87s)
[320/896] ok exp3_roundtrip/s1_ub_rg_pop2_b256_z0.7_ep32_sd1_nsk0 step=115277.48us (10.79s)
[321/896] ok exp3_roundtrip/s1_ub_rg_pop2_b256_z0.7_ep64_sd1_nsk0 step=116024.49us (27.85s)
[322/896] ok exp3_roundtrip/s1_ub_rg_pop_b256_z0.7_ep128_sd1_nsk0 step=115927.58us (74.46s)
[323/896] ok exp3_roundtrip/s1_packet_spray_b256_z0.9_ep32_sd1_nsk0 step=2531.08us (31.35s)
[324/896] ok exp3_roundtrip/s1_ub_rg_pop2_b256_z0.7_ep128_sd1_nsk0 step=115923.96us (78.17s)
[325/896] ok exp3_roundtrip/s1_ub_rg_b256_z0.9_ep32_sd1_nsk0 step=116122.26us (8.65s)
[326/896] ok exp3_roundtrip/s1_ub_rg_b256_z0.9_ep64_sd1_nsk0 step=220781.21us (20.87s)
[327/896] ok exp3_roundtrip/s1_packet_spray_b256_z0.9_ep64_sd1_nsk0 step=6027.14us (101.49s)
[328/896] ok exp3_roundtrip/s1_ub_rg_pop_b256_z0.9_ep32_sd1_nsk0 step=116122.56us (8.67s)
[329/896] ok exp3_roundtrip/s1_ub_rg_pop_b256_z0.9_ep64_sd1_nsk0 step=220781.51us (22.21s)
[330/896] ok exp3_roundtrip/s1_ub_rg_b256_z0.9_ep128_sd1_nsk0 step=115020.70us (62.96s)
[331/896] ok exp3_roundtrip/s1_ub_rg_pop2_b256_z0.9_ep32_sd1_nsk0 step=116125.72us (9.40s)
[332/896] ok exp3_roundtrip/s1_ub_rg_pop2_b256_z0.9_ep64_sd1_nsk0 step=63190.37us (24.90s)
[333/896] ok exp3_roundtrip/s1_packet_spray_b256_z0.7_ep128_sd1_nsk0 step=8678.48us (382.84s)
[334/896] ok exp3_roundtrip/s1_ub_rg_pop_b256_z0.9_ep128_sd1_nsk0 step=115021.00us (65.03s)
[335/896] ok exp3_roundtrip/s1_ub_rg_pop2_b256_z0.9_ep128_sd1_nsk0 step=115817.72us (67.80s)
[336/896] ok exp1_dispatch/s1_ub_rg_b256_z0_ep0_sd1_nsk2 step=116117.27us (86.76s)
[337/896] ok exp1_dispatch/s1_ub_rg_pop_b256_z0_ep0_sd1_nsk2 step=116117.57us (86.67s)
[338/896] ok exp3_roundtrip/s1_packet_spray_b256_z0.9_ep128_sd1_nsk0 step=13094.54us (360.79s)
[339/896] ok exp1_dispatch/s1_ub_rg_pop2_b256_z0_ep0_sd1_nsk2 step=116122.78us (96.87s)
[340/896] ok exp1_dispatch/s1_packet_spray_b256_z0_ep0_sd1_nsk2 step=397.01us (206.91s)
[341/896] ok exp1_dispatch/s1_ub_rg_b256_z0.3_ep0_sd1_nsk2 step=116227.10us (86.26s)
[342/896] ok exp1_dispatch/s1_ub_rg_pop_b256_z0.3_ep0_sd1_nsk2 step=116227.40us (86.68s)
[343/896] ok exp1_dispatch/s1_ub_rg_pop2_b256_z0.3_ep0_sd1_nsk2 step=116232.22us (93.64s)
[344/896] ok exp1_dispatch/s1_packet_spray_b256_z0.3_ep0_sd1_nsk2 step=1666.61us (209.35s)
[345/896] ok exp1_dispatch/s1_ub_rg_b256_z0.7_ep0_sd1_nsk2 step=115928.25us (72.22s)
[346/896] ok exp1_dispatch/s1_ub_rg_pop_b256_z0.7_ep0_sd1_nsk2 step=115928.55us (71.90s)
[347/896] ok exp1_dispatch/s1_ub_rg_pop2_b256_z0.7_ep0_sd1_nsk2 step=115924.01us (77.15s)
[348/896] ok exp1_dispatch/s1_ub_rg_b256_z0.9_ep0_sd1_nsk2 step=115820.11us (63.44s)
[349/896] ok exp1_dispatch/s1_packet_spray_b256_z0.7_ep0_sd1_nsk2 step=5897.79us (209.56s)
[350/896] ok exp1_dispatch/s1_ub_rg_pop_b256_z0.9_ep0_sd1_nsk2 step=115820.41us (64.68s)
[351/896] ok exp1_dispatch/s1_ub_rg_pop2_b256_z0.9_ep0_sd1_nsk2 step=219783.38us (68.32s)
[352/896] ok exp1_dispatch/s1_packet_spray_b256_z0.9_ep0_sd1_nsk2 step=8929.92us (200.86s)
[353/896] ok exp2_combine/s1_ub_rg_b256_z0_ep0_sd1_nsk2 step=116282.82us (88.22s)
[354/896] ok exp2_combine/s1_ub_rg_pop_b256_z0_ep0_sd1_nsk2 step=116283.12us (87.88s)
[355/896] ok exp2_combine/s1_ub_rg_pop2_b256_z0_ep0_sd1_nsk2 step=116278.46us (88.32s)
[356/896] ok exp2_combine/s1_ub_rg_b256_z0.3_ep0_sd1_nsk2 step=115932.72us (86.04s)
[357/896] ok exp2_combine/s1_packet_spray_b256_z0_ep0_sd1_nsk2 step=409.00us (209.00s)
[358/896] ok exp2_combine/s1_ub_rg_pop_b256_z0.3_ep0_sd1_nsk2 step=115933.02us (86.98s)
[359/896] ok exp2_combine/s1_ub_rg_pop2_b256_z0.3_ep0_sd1_nsk2 step=115931.71us (88.36s)
[360/896] ok exp2_combine/s1_packet_spray_b256_z0.3_ep0_sd1_nsk2 step=983.49us (196.96s)
[361/896] ok exp2_combine/s1_ub_rg_b256_z0.7_ep0_sd1_nsk2 step=220433.35us (72.39s)
[362/896] ok exp2_combine/s1_ub_rg_pop_b256_z0.7_ep0_sd1_nsk2 step=220433.65us (73.66s)
[363/896] ok exp2_combine/s1_ub_rg_pop2_b256_z0.7_ep0_sd1_nsk2 step=220431.28us (73.48s)
[364/896] ok exp2_combine/s1_packet_spray_b256_z0.7_ep0_sd1_nsk2 step=2799.42us (172.35s)
[365/896] ok exp2_combine/s1_ub_rg_b256_z0.9_ep0_sd1_nsk2 step=115380.97us (61.39s)
[366/896] ok exp2_combine/s1_ub_rg_pop_b256_z0.9_ep0_sd1_nsk2 step=115381.27us (61.82s)
[367/896] ok exp2_combine/s1_ub_rg_pop2_b256_z0.9_ep0_sd1_nsk2 step=220239.53us (62.02s)
[368/896] ok exp3_roundtrip/s1_packet_spray_b256_z0_ep32_sd1_nsk2 step=770.67us (33.09s)
[369/896] ok exp3_roundtrip/s1_ub_rg_b256_z0_ep32_sd1_nsk2 step=116426.53us (10.39s)
[370/896] ok exp2_combine/s1_packet_spray_b256_z0.9_ep0_sd1_nsk2 step=3866.05us (161.47s)
[371/896] ok exp3_roundtrip/s1_ub_rg_b256_z0_ep64_sd1_nsk2 step=115681.60us (28.56s)
[372/896] ok exp3_roundtrip/s1_ub_rg_pop_b256_z0_ep32_sd1_nsk2 step=116426.83us (10.27s)
[373/896] ok exp3_roundtrip/s1_ub_rg_pop_b256_z0_ep64_sd1_nsk2 step=115681.90us (28.27s)
[374/896] ok exp3_roundtrip/s1_packet_spray_b256_z0_ep64_sd1_nsk2 step=785.08us (116.58s)
[375/896] ok exp3_roundtrip/s1_ub_rg_pop2_b256_z0_ep32_sd1_nsk2 step=116174.93us (11.11s)
[376/896] ok exp3_roundtrip/s1_ub_rg_b256_z0_ep128_sd1_nsk2 step=116117.67us (86.53s)
[377/896] ok exp3_roundtrip/s1_ub_rg_pop2_b256_z0_ep64_sd1_nsk2 step=116371.54us (31.86s)
[378/896] ok exp3_roundtrip/s1_packet_spray_b256_z0.3_ep32_sd1_nsk2 step=1314.49us (31.41s)
[379/896] ok exp3_roundtrip/s1_ub_rg_pop_b256_z0_ep128_sd1_nsk2 step=116117.97us (87.63s)
[380/896] ok exp3_roundtrip/s1_ub_rg_pop2_b256_z0_ep128_sd1_nsk2 step=116123.18us (94.67s)
[381/896] ok exp3_roundtrip/s1_ub_rg_b256_z0.3_ep32_sd1_nsk2 step=116279.20us (10.22s)
[382/896] ok exp3_roundtrip/s1_ub_rg_b256_z0.3_ep64_sd1_nsk2 step=116281.46us (28.48s)
[383/896] ok exp3_roundtrip/s1_packet_spray_b256_z0.3_ep64_sd1_nsk2 step=1769.99us (111.55s)
[384/896] ok exp3_roundtrip/s1_ub_rg_pop_b256_z0.3_ep32_sd1_nsk2 step=116279.50us (10.20s)
[385/896] ok exp3_roundtrip/s1_ub_rg_pop_b256_z0.3_ep64_sd1_nsk2 step=116281.76us (28.23s)
[386/896] ok exp3_roundtrip/s1_ub_rg_b256_z0.3_ep128_sd1_nsk2 step=116227.50us (86.73s)
[387/896] ok exp3_roundtrip/s1_ub_rg_pop2_b256_z0.3_ep32_sd1_nsk2 step=116271.52us (11.03s)
[388/896] ok exp3_roundtrip/s1_ub_rg_pop2_b256_z0.3_ep64_sd1_nsk2 step=116282.93us (32.32s)
[389/896] ok exp3_roundtrip/s1_ub_rg_pop_b256_z0.3_ep128_sd1_nsk2 step=116227.80us (86.85s)
[390/896] ok exp3_roundtrip/s1_packet_spray_b256_z0_ep128_sd1_nsk2 step=807.13us (410.85s)
[391/896] ok exp3_roundtrip/s1_packet_spray_b256_z0.7_ep32_sd1_nsk2 step=2171.31us (30.38s)
[392/896] ok exp3_roundtrip/s1_ub_rg_pop2_b256_z0.3_ep128_sd1_nsk2 step=116232.62us (93.94s)
[393/896] ok exp3_roundtrip/s1_ub_rg_b256_z0.7_ep32_sd1_nsk2 step=114976.57us (8.91s)
[394/896] ok exp3_roundtrip/s1_ub_rg_b256_z0.7_ep64_sd1_nsk2 step=116025.82us (24.38s)
[395/896] ok exp3_roundtrip/s1_packet_spray_b256_z0.7_ep64_sd1_nsk2 step=4558.31us (103.54s)
[396/896] ok exp3_roundtrip/s1_ub_rg_pop_b256_z0.7_ep32_sd1_nsk2 step=114976.87us (9.13s)
[397/896] ok exp3_roundtrip/s1_ub_rg_pop_b256_z0.7_ep64_sd1_nsk2 step=116026.12us (24.96s)
[398/896] ok exp3_roundtrip/s1_packet_spray_b256_z0.3_ep128_sd1_nsk2 step=2649.23us (404.21s)
[399/896] ok exp3_roundtrip/s1_ub_rg_b256_z0.7_ep128_sd1_nsk2 step=115928.65us (71.75s)
[400/896] ok exp3_roundtrip/s1_ub_rg_pop2_b256_z0.7_ep32_sd1_nsk2 step=116133.29us (10.25s)
[401/896] ok exp3_roundtrip/s1_ub_rg_pop2_b256_z0.7_ep64_sd1_nsk2 step=116028.36us (27.13s)
[402/896] ok exp3_roundtrip/s1_ub_rg_pop_b256_z0.7_ep128_sd1_nsk2 step=115928.95us (73.73s)
[403/896] ok exp3_roundtrip/s1_packet_spray_b256_z0.9_ep32_sd1_nsk2 step=2592.86us (31.77s)
[404/896] ok exp3_roundtrip/s1_ub_rg_pop2_b256_z0.7_ep128_sd1_nsk2 step=115924.41us (77.15s)
[405/896] ok exp3_roundtrip/s1_ub_rg_b256_z0.9_ep32_sd1_nsk2 step=116125.02us (8.66s)
[406/896] ok exp3_roundtrip/s1_ub_rg_b256_z0.9_ep64_sd1_nsk2 step=115925.82us (21.14s)
[407/896] ok exp3_roundtrip/s1_packet_spray_b256_z0.9_ep64_sd1_nsk2 step=6017.41us (101.64s)
[408/896] ok exp3_roundtrip/s1_ub_rg_pop_b256_z0.9_ep32_sd1_nsk2 step=116125.32us (8.74s)
[409/896] ok exp3_roundtrip/s1_ub_rg_pop_b256_z0.9_ep64_sd1_nsk2 step=115926.12us (21.64s)
[410/896] ok exp3_roundtrip/s1_ub_rg_b256_z0.9_ep128_sd1_nsk2 step=115820.51us (62.63s)
[411/896] ok exp3_roundtrip/s1_ub_rg_pop2_b256_z0.9_ep32_sd1_nsk2 step=116122.65us (9.35s)
[412/896] ok exp3_roundtrip/s1_ub_rg_pop2_b256_z0.9_ep64_sd1_nsk2 step=115922.50us (24.65s)
[413/896] ok exp3_roundtrip/s1_packet_spray_b256_z0.7_ep128_sd1_nsk2 step=8695.60us (381.55s)
[414/896] ok exp3_roundtrip/s1_ub_rg_pop_b256_z0.9_ep128_sd1_nsk2 step=115820.81us (65.23s)
[415/896] ok exp3_roundtrip/s1_ub_rg_pop2_b256_z0.9_ep128_sd1_nsk2 step=219783.78us (68.54s)
[416/896] ok exp1_dispatch/s1_ub_rg_b256_z0_ep0_sd1_nsk4 step=116328.51us (87.02s)
[417/896] ok exp1_dispatch/s1_ub_rg_pop_b256_z0_ep0_sd1_nsk4 step=116328.81us (89.61s)
[418/896] ok exp1_dispatch/s1_ub_rg_pop2_b256_z0_ep0_sd1_nsk4 step=115930.18us (97.22s)
[419/896] ok exp3_roundtrip/s1_packet_spray_b256_z0.9_ep128_sd1_nsk2 step=12799.28us (365.30s)
[420/896] ok exp1_dispatch/s1_packet_spray_b256_z0_ep0_sd1_nsk4 step=404.26us (209.11s)
[421/896] ok exp1_dispatch/s1_ub_rg_b256_z0.3_ep0_sd1_nsk4 step=116237.50us (87.47s)
[422/896] ok exp1_dispatch/s1_ub_rg_pop_b256_z0.3_ep0_sd1_nsk4 step=116237.80us (87.86s)
[423/896] ok exp1_dispatch/s1_ub_rg_pop2_b256_z0.3_ep0_sd1_nsk4 step=116234.76us (94.20s)
[424/896] ok exp1_dispatch/s1_packet_spray_b256_z0.3_ep0_sd1_nsk4 step=1696.98us (212.97s)
[425/896] ok exp1_dispatch/s1_ub_rg_b256_z0.7_ep0_sd1_nsk4 step=115927.74us (72.18s)
[426/896] ok exp1_dispatch/s1_ub_rg_pop_b256_z0.7_ep0_sd1_nsk4 step=115928.04us (72.46s)
[427/896] ok exp1_dispatch/s1_ub_rg_pop2_b256_z0.7_ep0_sd1_nsk4 step=115926.18us (77.44s)
[428/896] ok exp1_dispatch/s1_ub_rg_b256_z0.9_ep0_sd1_nsk4 step=115820.82us (61.31s)
[429/896] ok exp1_dispatch/s1_packet_spray_b256_z0.7_ep0_sd1_nsk4 step=6410.31us (207.29s)
[430/896] ok exp1_dispatch/s1_ub_rg_pop_b256_z0.9_ep0_sd1_nsk4 step=115821.12us (63.95s)
[431/896] ok exp1_dispatch/s1_ub_rg_pop2_b256_z0.9_ep0_sd1_nsk4 step=115820.18us (68.55s)
[432/896] ok exp1_dispatch/s1_packet_spray_b256_z0.9_ep0_sd1_nsk4 step=9004.68us (202.72s)
[433/896] ok exp2_combine/s1_ub_rg_b256_z0_ep0_sd1_nsk4 step=116290.10us (88.56s)
[434/896] ok exp2_combine/s1_ub_rg_pop_b256_z0_ep0_sd1_nsk4 step=116290.40us (87.50s)
[435/896] ok exp2_combine/s1_ub_rg_pop2_b256_z0_ep0_sd1_nsk4 step=116278.89us (90.38s)
[436/896] ok exp2_combine/s1_ub_rg_b256_z0.3_ep0_sd1_nsk4 step=115935.17us (85.65s)
[437/896] ok exp2_combine/s1_packet_spray_b256_z0_ep0_sd1_nsk4 step=428.96us (213.87s)
[438/896] ok exp2_combine/s1_ub_rg_pop_b256_z0.3_ep0_sd1_nsk4 step=115935.47us (87.12s)
[439/896] ok exp2_combine/s1_ub_rg_pop2_b256_z0.3_ep0_sd1_nsk4 step=115939.25us (89.18s)
[440/896] ok exp2_combine/s1_packet_spray_b256_z0.3_ep0_sd1_nsk4 step=988.16us (198.47s)
[441/896] ok exp2_combine/s1_ub_rg_b256_z0.7_ep0_sd1_nsk4 step=115575.89us (72.37s)
[442/896] ok exp2_combine/s1_ub_rg_pop_b256_z0.7_ep0_sd1_nsk4 step=115576.19us (70.87s)
[443/896] ok exp2_combine/s1_ub_rg_pop2_b256_z0.7_ep0_sd1_nsk4 step=115573.17us (72.51s)
[444/896] ok exp2_combine/s1_packet_spray_b256_z0.7_ep0_sd1_nsk4 step=2799.65us (175.23s)
[445/896] ok exp2_combine/s1_ub_rg_b256_z0.9_ep0_sd1_nsk4 step=260127.34us (62.53s)
[446/896] ok exp2_combine/s1_ub_rg_pop_b256_z0.9_ep0_sd1_nsk4 step=260127.64us (61.80s)
[447/896] ok exp2_combine/s1_ub_rg_pop2_b256_z0.9_ep0_sd1_nsk4 step=220245.51us (62.90s)
[448/896] ok exp3_roundtrip/s1_packet_spray_b256_z0_ep32_sd1_nsk4 step=777.84us (32.98s)
[449/896] ok exp3_roundtrip/s1_ub_rg_b256_z0_ep32_sd1_nsk4 step=115478.30us (10.41s)
[450/896] ok exp2_combine/s1_packet_spray_b256_z0.9_ep0_sd1_nsk4 step=3869.73us (163.60s)
[451/896] ok exp3_roundtrip/s1_ub_rg_b256_z0_ep64_sd1_nsk4 step=116380.21us (28.94s)
[452/896] ok exp3_roundtrip/s1_ub_rg_pop_b256_z0_ep32_sd1_nsk4 step=115478.60us (10.31s)
[453/896] ok exp3_roundtrip/s1_ub_rg_pop_b256_z0_ep64_sd1_nsk4 step=116380.51us (28.24s)
[454/896] ok exp3_roundtrip/s1_packet_spray_b256_z0_ep64_sd1_nsk4 step=794.42us (116.49s)
[455/896] ok exp3_roundtrip/s1_ub_rg_pop2_b256_z0_ep32_sd1_nsk4 step=63997.21us (10.76s)
[456/896] ok exp3_roundtrip/s1_ub_rg_b256_z0_ep128_sd1_nsk4 step=116328.91us (87.61s)
[457/896] ok exp3_roundtrip/s1_ub_rg_pop2_b256_z0_ep64_sd1_nsk4 step=115680.40us (31.23s)
[458/896] ok exp3_roundtrip/s1_packet_spray_b256_z0.3_ep32_sd1_nsk4 step=1305.90us (31.54s)
[459/896] ok exp3_roundtrip/s1_ub_rg_pop_b256_z0_ep128_sd1_nsk4 step=116329.21us (87.14s)
[460/896] ok exp3_roundtrip/s1_ub_rg_pop2_b256_z0_ep128_sd1_nsk4 step=115930.58us (96.84s)
[461/896] ok exp3_roundtrip/s1_ub_rg_b256_z0.3_ep32_sd1_nsk4 step=116076.88us (10.24s)
[462/896] ok exp3_roundtrip/s1_ub_rg_b256_z0.3_ep64_sd1_nsk4 step=220893.11us (28.48s)
[463/896] ok exp3_roundtrip/s1_packet_spray_b256_z0.3_ep64_sd1_nsk4 step=1774.24us (111.75s)
[464/896] ok exp3_roundtrip/s1_ub_rg_pop_b256_z0.3_ep32_sd1_nsk4 step=116077.18us (9.87s)
[465/896] ok exp3_roundtrip/s1_ub_rg_pop_b256_z0.3_ep64_sd1_nsk4 step=220893.41us (28.16s)
[466/896] ok exp3_roundtrip/s1_ub_rg_b256_z0.3_ep128_sd1_nsk4 step=116237.90us (86.06s)
[467/896] ok exp3_roundtrip/s1_ub_rg_pop2_b256_z0.3_ep32_sd1_nsk4 step=115827.85us (10.69s)
[468/896] ok exp3_roundtrip/s1_ub_rg_pop2_b256_z0.3_ep64_sd1_nsk4 step=116284.26us (31.74s)
[469/896] ok exp3_roundtrip/s1_ub_rg_pop_b256_z0.3_ep128_sd1_nsk4 step=116238.20us (86.47s)
[470/896] ok exp3_roundtrip/s1_packet_spray_b256_z0_ep128_sd1_nsk4 step=812.28us (414.58s)
[471/896] ok exp3_roundtrip/s1_packet_spray_b256_z0.7_ep32_sd1_nsk4 step=2218.83us (30.37s)
[472/896] ok exp3_roundtrip/s1_ub_rg_pop2_b256_z0.3_ep128_sd1_nsk4 step=116235.16us (92.48s)
[473/896] ok exp3_roundtrip/s1_ub_rg_b256_z0.7_ep32_sd1_nsk4 step=116128.16us (9.14s)
[474/896] ok exp3_roundtrip/s1_ub_rg_b256_z0.7_ep64_sd1_nsk4 step=116031.63us (24.41s)
[475/896] ok exp3_roundtrip/s1_packet_spray_b256_z0.7_ep64_sd1_nsk4 step=4619.45us (104.53s)
[476/896] ok exp3_roundtrip/s1_ub_rg_pop_b256_z0.7_ep32_sd1_nsk4 step=116128.46us (9.12s)
[477/896] ok exp3_roundtrip/s1_ub_rg_pop_b256_z0.7_ep64_sd1_nsk4 step=116031.93us (24.13s)
[478/896] ok exp3_roundtrip/s1_packet_spray_b256_z0.3_ep128_sd1_nsk4 step=2682.09us (407.10s)
[479/896] ok exp3_roundtrip/s1_ub_rg_b256_z0.7_ep128_sd1_nsk4 step=115928.14us (72.14s)
[480/896] ok exp3_roundtrip/s1_ub_rg_pop2_b256_z0.7_ep32_sd1_nsk4 step=116123.17us (10.14s)
[481/896] ok exp3_roundtrip/s1_ub_rg_pop2_b256_z0.7_ep64_sd1_nsk4 step=116034.49us (27.29s)
[482/896] ok exp3_roundtrip/s1_ub_rg_pop_b256_z0.7_ep128_sd1_nsk4 step=115928.44us (72.66s)
[483/896] ok exp3_roundtrip/s1_packet_spray_b256_z0.9_ep32_sd1_nsk4 step=2635.66us (31.81s)
[484/896] ok exp3_roundtrip/s1_ub_rg_pop2_b256_z0.7_ep128_sd1_nsk4 step=115926.58us (77.37s)
[485/896] ok exp3_roundtrip/s1_ub_rg_b256_z0.9_ep32_sd1_nsk4 step=116126.42us (8.76s)
[486/896] ok exp3_roundtrip/s1_ub_rg_b256_z0.9_ep64_sd1_nsk4 step=115933.15us (21.56s)
[487/896] ok exp3_roundtrip/s1_packet_spray_b256_z0.9_ep64_sd1_nsk4 step=5933.16us (99.45s)
[488/896] ok exp3_roundtrip/s1_ub_rg_pop_b256_z0.9_ep32_sd1_nsk4 step=116126.72us (8.80s)
[489/896] ok exp3_roundtrip/s1_ub_rg_b256_z0.9_ep128_sd1_nsk4 step=115821.22us (62.46s)
[490/896] ok exp3_roundtrip/s1_ub_rg_pop_b256_z0.9_ep64_sd1_nsk4 step=115933.45us (22.20s)
[491/896] ok exp3_roundtrip/s1_ub_rg_pop2_b256_z0.9_ep32_sd1_nsk4 step=116125.97us (9.51s)
[492/896] ok exp3_roundtrip/s1_ub_rg_pop2_b256_z0.9_ep64_sd1_nsk4 step=115930.38us (25.08s)
[493/896] ok exp3_roundtrip/s1_packet_spray_b256_z0.7_ep128_sd1_nsk4 step=9208.24us (382.40s)
[494/896] ok exp3_roundtrip/s1_ub_rg_pop_b256_z0.9_ep128_sd1_nsk4 step=115821.52us (64.49s)
[495/896] ok exp3_roundtrip/s1_ub_rg_pop2_b256_z0.9_ep128_sd1_nsk4 step=115820.58us (66.46s)
[496/896] ok exp1_dispatch/s1_ub_rg_b256_z0_ep0_sd1_nsk8 step=116334.69us (88.00s)
[497/896] ok exp1_dispatch/s1_ub_rg_pop_b256_z0_ep0_sd1_nsk8 step=116334.99us (87.20s)
[498/896] ok exp1_dispatch/s1_ub_rg_pop2_b256_z0_ep0_sd1_nsk8 step=116124.17us (96.80s)
[499/896] ok exp3_roundtrip/s1_packet_spray_b256_z0.9_ep128_sd1_nsk4 step=12885.58us (369.20s)
[500/896] ok exp1_dispatch/s1_packet_spray_b256_z0_ep0_sd1_nsk8 step=419.21us (206.99s)
[501/896] ok exp1_dispatch/s1_ub_rg_b256_z0.3_ep0_sd1_nsk8 step=116243.86us (86.08s)
[502/896] ok exp1_dispatch/s1_ub_rg_pop_b256_z0.3_ep0_sd1_nsk8 step=116244.16us (86.64s)
[503/896] ok exp1_dispatch/s1_ub_rg_pop2_b256_z0.3_ep0_sd1_nsk8 step=116243.84us (94.48s)
[504/896] ok exp1_dispatch/s1_packet_spray_b256_z0.3_ep0_sd1_nsk8 step=1705.47us (212.41s)
[505/896] ok exp1_dispatch/s1_ub_rg_b256_z0.7_ep0_sd1_nsk8 step=220785.22us (73.39s)
[506/896] ok exp1_dispatch/s1_ub_rg_pop_b256_z0.7_ep0_sd1_nsk8 step=220785.52us (72.93s)
[507/896] ok exp1_dispatch/s1_ub_rg_pop2_b256_z0.7_ep0_sd1_nsk8 step=115926.37us (75.86s)
[508/896] ok exp1_dispatch/s1_ub_rg_b256_z0.9_ep0_sd1_nsk8 step=115820.32us (62.63s)
[509/896] ok exp1_dispatch/s1_ub_rg_pop_b256_z0.9_ep0_sd1_nsk8 step=115820.62us (65.18s)
[510/896] ok exp1_dispatch/s1_packet_spray_b256_z0.7_ep0_sd1_nsk8 step=6236.69us (208.77s)
[511/896] ok exp1_dispatch/s1_ub_rg_pop2_b256_z0.9_ep0_sd1_nsk8 step=115820.36us (68.26s)
[512/896] ok exp1_dispatch/s1_packet_spray_b256_z0.9_ep0_sd1_nsk8 step=8763.32us (205.29s)
[513/896] ok exp2_combine/s1_ub_rg_b256_z0_ep0_sd1_nsk8 step=116296.75us (88.58s)
[514/896] ok exp2_combine/s1_ub_rg_pop_b256_z0_ep0_sd1_nsk8 step=116297.05us (89.83s)
[515/896] ok exp2_combine/s1_ub_rg_pop2_b256_z0_ep0_sd1_nsk8 step=115888.51us (89.26s)
[516/896] ok exp2_combine/s1_ub_rg_b256_z0.3_ep0_sd1_nsk8 step=115945.96us (86.56s)
[517/896] ok exp2_combine/s1_packet_spray_b256_z0_ep0_sd1_nsk8 step=419.22us (213.11s)
[518/896] ok exp2_combine/s1_ub_rg_pop_b256_z0.3_ep0_sd1_nsk8 step=115946.26us (85.74s)
[519/896] ok exp2_combine/s1_ub_rg_pop2_b256_z0.3_ep0_sd1_nsk8 step=115791.95us (89.44s)
[520/896] ok exp2_combine/s1_packet_spray_b256_z0.3_ep0_sd1_nsk8 step=989.27us (198.40s)
[521/896] ok exp2_combine/s1_ub_rg_b256_z0.7_ep0_sd1_nsk8 step=115578.29us (71.47s)
[522/896] ok exp2_combine/s1_ub_rg_pop_b256_z0.7_ep0_sd1_nsk8 step=115578.59us (72.18s)
[523/896] ok exp2_combine/s1_ub_rg_pop2_b256_z0.7_ep0_sd1_nsk8 step=250429.30us (73.79s)
[524/896] ok exp2_combine/s1_packet_spray_b256_z0.7_ep0_sd1_nsk8 step=2808.74us (174.56s)
[525/896] ok exp2_combine/s1_ub_rg_b256_z0.9_ep0_sd1_nsk8 step=240262.57us (61.70s)
[526/896] ok exp2_combine/s1_ub_rg_pop_b256_z0.9_ep0_sd1_nsk8 step=240262.86us (62.23s)
[527/896] ok exp2_combine/s1_ub_rg_pop2_b256_z0.9_ep0_sd1_nsk8 step=220260.28us (63.21s)
[528/896] ok exp3_roundtrip/s1_packet_spray_b256_z0_ep32_sd1_nsk8 step=802.14us (32.59s)
[529/896] ok exp3_roundtrip/s1_ub_rg_b256_z0_ep32_sd1_nsk8 step=116180.33us (10.48s)
[530/896] ok exp2_combine/s1_packet_spray_b256_z0.9_ep0_sd1_nsk8 step=3876.32us (163.54s)
[531/896] ok exp3_roundtrip/s1_ub_rg_b256_z0_ep64_sd1_nsk8 step=115077.63us (29.61s)
[532/896] ok exp3_roundtrip/s1_ub_rg_pop_b256_z0_ep32_sd1_nsk8 step=116180.63us (9.89s)
[533/896] ok exp3_roundtrip/s1_ub_rg_pop_b256_z0_ep64_sd1_nsk8 step=115077.93us (28.32s)
[534/896] ok exp3_roundtrip/s1_packet_spray_b256_z0_ep64_sd1_nsk8 step=823.67us (117.52s)
[535/896] ok exp3_roundtrip/s1_ub_rg_pop2_b256_z0_ep32_sd1_nsk8 step=116185.83us (11.11s)
[536/896] ok exp3_roundtrip/s1_ub_rg_b256_z0_ep128_sd1_nsk8 step=116335.09us (85.05s)
[537/896] ok exp3_roundtrip/s1_ub_rg_pop2_b256_z0_ep64_sd1_nsk8 step=116383.79us (31.25s)
[538/896] ok exp3_roundtrip/s1_packet_spray_b256_z0.3_ep32_sd1_nsk8 step=1321.00us (30.96s)
[539/896] ok exp3_roundtrip/s1_ub_rg_pop_b256_z0_ep128_sd1_nsk8 step=116335.39us (86.63s)
[540/896] ok exp3_roundtrip/s1_ub_rg_pop2_b256_z0_ep128_sd1_nsk8 step=116124.57us (94.74s)
[541/896] ok exp3_roundtrip/s1_ub_rg_b256_z0.3_ep32_sd1_nsk8 step=116288.20us (9.93s)
[542/896] ok exp3_roundtrip/s1_ub_rg_b256_z0.3_ep64_sd1_nsk8 step=116286.38us (27.55s)
[543/896] ok exp3_roundtrip/s1_packet_spray_b256_z0.3_ep64_sd1_nsk8 step=1795.44us (112.23s)
[544/896] ok exp3_roundtrip/s1_ub_rg_pop_b256_z0.3_ep32_sd1_nsk8 step=116288.50us (9.92s)
[545/896] ok exp3_roundtrip/s1_ub_rg_pop_b256_z0.3_ep64_sd1_nsk8 step=116286.68us (28.03s)
[546/896] ok exp3_roundtrip/s1_ub_rg_b256_z0.3_ep128_sd1_nsk8 step=116244.26us (86.92s)
[547/896] ok exp3_roundtrip/s1_ub_rg_pop2_b256_z0.3_ep32_sd1_nsk8 step=115627.20us (10.93s)
[548/896] ok exp3_roundtrip/s1_ub_rg_pop2_b256_z0.3_ep64_sd1_nsk8 step=221142.98us (31.64s)
[549/896] ok exp3_roundtrip/s1_ub_rg_pop_b256_z0.3_ep128_sd1_nsk8 step=116244.56us (87.20s)
[550/896] ok exp3_roundtrip/s1_packet_spray_b256_z0_ep128_sd1_nsk8 step=837.17us (414.22s)
[551/896] ok exp3_roundtrip/s1_packet_spray_b256_z0.7_ep32_sd1_nsk8 step=2217.25us (30.75s)
[552/896] ok exp3_roundtrip/s1_ub_rg_pop2_b256_z0.3_ep128_sd1_nsk8 step=116244.24us (91.93s)
[553/896] ok exp3_roundtrip/s1_ub_rg_b256_z0.7_ep32_sd1_nsk8 step=116133.38us (9.22s)
[554/896] ok exp3_roundtrip/s1_ub_rg_b256_z0.7_ep64_sd1_nsk8 step=116036.76us (24.24s)
[555/896] ok exp3_roundtrip/s1_packet_spray_b256_z0.7_ep64_sd1_nsk8 step=4654.51us (103.39s)
[556/896] ok exp3_roundtrip/s1_ub_rg_pop_b256_z0.7_ep32_sd1_nsk8 step=116133.68us (9.22s)
[557/896] ok exp3_roundtrip/s1_ub_rg_pop_b256_z0.7_ep64_sd1_nsk8 step=116037.07us (24.58s)
[558/896] ok exp3_roundtrip/s1_packet_spray_b256_z0.3_ep128_sd1_nsk8 step=2696.81us (404.94s)
[559/896] ok exp3_roundtrip/s1_ub_rg_pop2_b256_z0.7_ep32_sd1_nsk8 step=116131.56us (10.20s)
[560/896] ok exp3_roundtrip/s1_ub_rg_b256_z0.7_ep128_sd1_nsk8 step=220785.62us (72.47s)
[561/896] ok exp3_roundtrip/s1_ub_rg_pop2_b256_z0.7_ep64_sd1_nsk8 step=116033.71us (27.23s)
[562/896] ok exp3_roundtrip/s1_ub_rg_pop_b256_z0.7_ep128_sd1_nsk8 step=220785.92us (75.05s)
[563/896] ok exp3_roundtrip/s1_packet_spray_b256_z0.9_ep32_sd1_nsk8 step=2607.32us (31.27s)
[564/896] ok exp3_roundtrip/s1_ub_rg_pop2_b256_z0.7_ep128_sd1_nsk8 step=115926.77us (76.04s)
[565/896] ok exp3_roundtrip/s1_ub_rg_b256_z0.9_ep32_sd1_nsk8 step=116133.09us (8.63s)
[566/896] ok exp3_roundtrip/s1_ub_rg_b256_z0.9_ep64_sd1_nsk8 step=115941.33us (21.50s)
[567/896] ok exp3_roundtrip/s1_packet_spray_b256_z0.9_ep64_sd1_nsk8 step=6064.08us (100.46s)
[568/896] ok exp3_roundtrip/s1_ub_rg_pop_b256_z0.9_ep32_sd1_nsk8 step=116133.38us (8.55s)